04-24 06:29:22.713   591   591 I sscrpcd : vendor/qcom/proprietary/commonsys-intf/adsprpc/src/rpcmem_android.c:191: rpcmem_deinit_internal: closed ION fd 5
04-24 06:29:22.713   591   591 I sscrpcd : vendor/qcom/proprietary/commonsys-intf/adsprpc/src/fastrpc_pm.c:116: fastrpc_wake_lock_deinit done
04-24 06:29:22.713   591   591 I sscrpcd : vendor/qcom/proprietary/commonsys-intf/adsprpc/src/fastrpc_apps_user.c:2734: fastrpc_apps_user_deinit done
04-24 06:29:22.714   591   591 E sscrpcd : vendor/qcom/proprietary/sensors-see/sscrpcd/src/sscrpcd.cpp:97:sscrpcd daemon will restart after 25ms...
04-24 06:29:22.716   543   597 W libc    : Unable to set property "ctl.interface_start" to "aidl/android.system.keystore2.IKeystoreService/default": error code: 0x20
--------- switch to system
04-24 06:29:22.728   559   559 I Checkpoint: cp_prepareCheckpoint called
--------- switch to main
04-24 06:29:22.742   591   591 I sscrpcd : vendor/qcom/proprietary/commonsys-intf/adsprpc/src/rpcmem_android.c:158: rpcmem_init_internal: opened ION device fd 5, configured heap IDs: system (0x2000000), contig (0x400000), secure (0x200), secure flags (0x80080000)
04-24 06:29:22.742   591   591 I sscrpcd : vendor/qcom/proprietary/commonsys-intf/adsprpc/src/fastrpc_apps_user.c:2794: fastrpc_apps_user_init done
04-24 06:29:22.742   591   591 E sscrpcd : vendor/qcom/proprietary/sensors-see/sscrpcd/src/sscrpcd.cpp:82:adsp_default_listener_start called for [sensorspd]
04-24 06:29:22.742   591   591 I sscrpcd : vendor/qcom/proprietary/commonsys-intf/adsprpc/src/fastrpc_pm.c:85: fastrpc_wake_lock_init done for sscrpcd:591
04-24 06:29:22.742   591   591 I sscrpcd : vendor/qcom/proprietary/commonsys-intf/adsprpc/src/fastrpc_apps_user.c:1513: wakelock_control: enabled wakelock control for domain 0
04-24 06:29:22.742   591   591 E sscrpcd : vendor/qcom/proprietary/sensors-see/sscrpcd/src/sscrpcd.cpp:60:fastrpc wakelock control is enabled
04-24 06:29:22.742   591   591 I sscrpcd : vendor/qcom/proprietary/commonsys-intf/adsprpc/src/fastrpc_apps_user.c:1203: remote_handle_open: Successfully opened handle 0x0 for '":;./\createstaticpd:sensorspd on domain 0
04-24 06:29:22.743   591   591 E sscrpcd : vendor/qcom/proprietary/commonsys-intf/adsprpc/src/fastrpc_apps_user.c:2588: Error 0x200: apps_dev_init failed for domain 0, errno Transport endpoint is not connected
04-24 06:29:22.743   591   591 E sscrpcd : vendor/qcom/proprietary/commonsys-intf/adsprpc/src/fastrpc_apps_user.c:2686: Error 0x200: open_dev (-1) failed for domain 0 (errno Transport endpoint is not connected)
04-24 06:29:22.743   591   591 W sscrpcd : vendor/qcom/proprietary/commonsys-intf/adsprpc/src/fastrpc_apps_user.c:1441:Warning 0xe: remote_get_info failed to get attribute 257 for domain 0 (errno Success)
04-24 06:29:22.743   591   591 E sscrpcd : vendor/qcom/proprietary/commonsys-intf/adsprpc/src/fastrpc_apps_user.c:1206: Error 0x200: remote_handle_open failed for adsp_default_listener (errno Success)
04-24 06:29:22.743   591   591 E sscrpcd : vendor/qcom/proprietary/sensors-see/sscrpcd/src/sscrpcd.cpp:86:listener exits
04-24 06:29:22.743   591   591 I sscrpcd : vendor/qcom/proprietary/commonsys-intf/adsprpc/src/rpcmem_android.c:191: rpcmem_deinit_internal: closed ION fd 5
04-24 06:29:22.743   591   591 I sscrpcd : vendor/qcom/proprietary/commonsys-intf/adsprpc/src/fastrpc_pm.c:116: fastrpc_wake_lock_deinit done
04-24 06:29:22.743   591   591 I sscrpcd : vendor/qcom/proprietary/commonsys-intf/adsprpc/src/fastrpc_apps_user.c:2734: fastrpc_apps_user_deinit done
04-24 06:29:22.743   591   591 E sscrpcd : vendor/qcom/proprietary/sensors-see/sscrpcd/src/sscrpcd.cpp:97:sscrpcd daemon will restart after 25ms...
--------- switch to system
04-24 06:29:22.743   559   559 I vold    : fscrypt_initialize_systemwide_keys
04-24 06:29:22.745   559   559 D vold    : Key exists, using: /data/unencrypted/key
04-24 06:29:22.758   559   559 D vold    : Installed fscrypt key with ref e8c74ca1a016a70abb8316c81cd810d5 to /data
04-24 06:29:22.758   559   559 D vold    : Added fscrypt-provisioning key for e8c74ca1a016a70abb8316c81cd810d5 to session keyring
04-24 06:29:22.760   559   559 I vold    : Wrote system DE key reference to:/data/unencrypted/ref
04-24 06:29:22.760   559   559 D vold    : Generating standard storage key
04-24 06:29:22.760   559   559 D vold    : Installed fscrypt key with ref 29e641a77a23784e49b05a54ebcbbdae to /data
04-24 06:29:22.760   559   559 D vold    : Added fscrypt-provisioning key for 29e641a77a23784e49b05a54ebcbbdae to session keyring
04-24 06:29:22.761   559   559 I vold    : Wrote per boot key reference to:/data/unencrypted/per_boot_ref
--------- switch to main
04-24 06:29:22.772   591   591 I sscrpcd : vendor/qcom/proprietary/commonsys-intf/adsprpc/src/rpcmem_android.c:158: rpcmem_init_internal: opened ION device fd 5, configured heap IDs: system (0x2000000), contig (0x400000), secure (0x200), secure flags (0x80080000)
04-24 06:29:22.772   591   591 I sscrpcd : vendor/qcom/proprietary/commonsys-intf/adsprpc/src/fastrpc_apps_user.c:2794: fastrpc_apps_user_init done
04-24 06:29:22.772   591   591 E sscrpcd : vendor/qcom/proprietary/sensors-see/sscrpcd/src/sscrpcd.cpp:82:adsp_default_listener_start called for [sensorspd]
04-24 06:29:22.772   591   591 I sscrpcd : vendor/qcom/proprietary/commonsys-intf/adsprpc/src/fastrpc_pm.c:85: fastrpc_wake_lock_init done for sscrpcd:591
04-24 06:29:22.772   591   591 I sscrpcd : vendor/qcom/proprietary/commonsys-intf/adsprpc/src/fastrpc_apps_user.c:1513: wakelock_control: enabled wakelock control for domain 0
04-24 06:29:22.772   591   591 E sscrpcd : vendor/qcom/proprietary/sensors-see/sscrpcd/src/sscrpcd.cpp:60:fastrpc wakelock control is enabled
04-24 06:29:22.772   591   591 I sscrpcd : vendor/qcom/proprietary/commonsys-intf/adsprpc/src/fastrpc_apps_user.c:1203: remote_handle_open: Successfully opened handle 0x0 for '":;./\createstaticpd:sensorspd on domain 0
04-24 06:29:22.772   591   591 E sscrpcd : vendor/qcom/proprietary/commonsys-intf/adsprpc/src/fastrpc_apps_user.c:2588: Error 0x200: apps_dev_init failed for domain 0, errno Transport endpoint is not connected
04-24 06:29:22.772   591   591 E sscrpcd : vendor/qcom/proprietary/commonsys-intf/adsprpc/src/fastrpc_apps_user.c:2686: Error 0x200: open_dev (-1) failed for domain 0 (errno Transport endpoint is not connected)
04-24 06:29:22.772   591   591 W sscrpcd : vendor/qcom/proprietary/commonsys-intf/adsprpc/src/fastrpc_apps_user.c:1441:Warning 0xe: remote_get_info failed to get attribute 257 for domain 0 (errno Success)
04-24 06:29:22.772   591   591 E sscrpcd : vendor/qcom/proprietary/commonsys-intf/adsprpc/src/fastrpc_apps_user.c:1206: Error 0x200: remote_handle_open failed for adsp_default_listener (errno Success)
04-24 06:29:22.772   591   591 E sscrpcd : vendor/qcom/proprietary/sensors-see/sscrpcd/src/sscrpcd.cpp:86:listener exits
04-24 06:29:22.773   591   591 I sscrpcd : vendor/qcom/proprietary/commonsys-intf/adsprpc/src/rpcmem_android.c:191: rpcmem_deinit_internal: closed ION fd 5
04-24 06:29:22.773   591   591 I sscrpcd : vendor/qcom/proprietary/commonsys-intf/adsprpc/src/fastrpc_pm.c:116: fastrpc_wake_lock_deinit done
04-24 06:29:22.773   591   591 I sscrpcd : vendor/qcom/proprietary/commonsys-intf/adsprpc/src/fastrpc_apps_user.c:2734: fastrpc_apps_user_deinit done
04-24 06:29:22.773   591   591 E sscrpcd : vendor/qcom/proprietary/sensors-see/sscrpcd/src/sscrpcd.cpp:97:sscrpcd daemon will restart after 25ms...
04-24 06:29:22.781   618   618 I tombstoned: tombstoned successfully initialized
--------- switch to system
04-24 06:29:22.785   559   559 I incfs   : Initial API level of the device: 29
04-24 06:29:22.785   559   559 I incfs   : ro.incremental.enable: 
04-24 06:29:22.785   559   559 I incfs   : IncFs_Features: v1
04-24 06:29:22.786   589   589 I keystore2: system/security/keystore2/src/maintenance.rs:206 - In early_boot_ended.
04-24 06:29:22.795   589   589 I keystore2: system/security/keystore2/src/globals.rs:66 - Touching Keystore 2.0 database for this first time since boot.
04-24 06:29:22.795   589   589 I keystore2: system/security/keystore2/src/globals.rs:68 - Calling cleanup leftovers.
04-24 06:29:22.797   589   589 I keystore2: system/security/keystore2/src/boot_level_keys.rs:57 - ro.keystore.boot_level_key.strategy not set, inferring from installed KM instances
04-24 06:29:22.798   589   589 I keystore2: system/security/keystore2/src/boot_level_keys.rs:115 - In get_level_zero_key: security_level=r#TRUSTED_ENVIRONMENT, deny_later_strategy=MaxUsesPerBoot
--------- switch to main
04-24 06:29:22.802   591   591 I sscrpcd : vendor/qcom/proprietary/commonsys-intf/adsprpc/src/rpcmem_android.c:158: rpcmem_init_internal: opened ION device fd 5, configured heap IDs: system (0x2000000), contig (0x400000), secure (0x200), secure flags (0x80080000)
04-24 06:29:22.802   591   591 I sscrpcd : vendor/qcom/proprietary/commonsys-intf/adsprpc/src/fastrpc_apps_user.c:2794: fastrpc_apps_user_init done
04-24 06:29:22.802   591   591 E sscrpcd : vendor/qcom/proprietary/sensors-see/sscrpcd/src/sscrpcd.cpp:82:adsp_default_listener_start called for [sensorspd]
04-24 06:29:22.802   591   591 I sscrpcd : vendor/qcom/proprietary/commonsys-intf/adsprpc/src/fastrpc_pm.c:85: fastrpc_wake_lock_init done for sscrpcd:591
04-24 06:29:22.802   591   591 I sscrpcd : vendor/qcom/proprietary/commonsys-intf/adsprpc/src/fastrpc_apps_user.c:1513: wakelock_control: enabled wakelock control for domain 0
04-24 06:29:22.802   591   591 E sscrpcd : vendor/qcom/proprietary/sensors-see/sscrpcd/src/sscrpcd.cpp:60:fastrpc wakelock control is enabled
04-24 06:29:22.802   591   591 I sscrpcd : vendor/qcom/proprietary/commonsys-intf/adsprpc/src/fastrpc_apps_user.c:1203: remote_handle_open: Successfully opened handle 0x0 for '":;./\createstaticpd:sensorspd on domain 0
04-24 06:29:22.802   591   591 E sscrpcd : vendor/qcom/proprietary/commonsys-intf/adsprpc/src/fastrpc_apps_user.c:2588: Error 0x200: apps_dev_init failed for domain 0, errno Transport endpoint is not connected
04-24 06:29:22.802   591   591 E sscrpcd : vendor/qcom/proprietary/commonsys-intf/adsprpc/src/fastrpc_apps_user.c:2686: Error 0x200: open_dev (-1) failed for domain 0 (errno Transport endpoint is not connected)
04-24 06:29:22.802   591   591 W sscrpcd : vendor/qcom/proprietary/commonsys-intf/adsprpc/src/fastrpc_apps_user.c:1441:Warning 0xe: remote_get_info failed to get attribute 257 for domain 0 (errno Success)
04-24 06:29:22.802   591   591 E sscrpcd : vendor/qcom/proprietary/commonsys-intf/adsprpc/src/fastrpc_apps_user.c:1206: Error 0x200: remote_handle_open failed for adsp_default_listener (errno Success)
04-24 06:29:22.802   591   591 E sscrpcd : vendor/qcom/proprietary/sensors-see/sscrpcd/src/sscrpcd.cpp:86:listener exits
04-24 06:29:22.802   591   591 I sscrpcd : vendor/qcom/proprietary/commonsys-intf/adsprpc/src/rpcmem_android.c:191: rpcmem_deinit_internal: closed ION fd 5
04-24 06:29:22.802   591   591 I sscrpcd : vendor/qcom/proprietary/commonsys-intf/adsprpc/src/fastrpc_pm.c:116: fastrpc_wake_lock_deinit done
04-24 06:29:22.802   591   591 I sscrpcd : vendor/qcom/proprietary/commonsys-intf/adsprpc/src/fastrpc_apps_user.c:2734: fastrpc_apps_user_deinit done
04-24 06:29:22.803   591   591 E sscrpcd : vendor/qcom/proprietary/sensors-see/sscrpcd/src/sscrpcd.cpp:97:sscrpcd daemon will restart after 25ms...
--------- switch to system
04-24 06:29:22.819   589   589 I keystore2: system/security/keystore2/src/super_key.rs:293 - Starting boot level watcher.
04-24 06:29:22.819   589   589 I keystore2: system/security/keystore2/src/maintenance.rs:187 - Call to earlyBootEnded succeeded for security level TRUSTED_ENVIRONMENT.
04-24 06:29:22.819   589   621 I keystore2: system/security/keystore2/src/super_key.rs:325 - Read keystore.boot_level value 30
04-24 06:29:22.819   589   621 I keystore2: system/security/keystore2/src/super_key.rs:325 - Read keystore.boot_level value 30
04-24 06:29:22.820   589   589 E keystore2: system/security/keystore2/src/maintenance.rs:192 - Call to earlyBootEnded failed for security level STRONGBOX: system/security/keystore2/src/maintenance.rs:167: getting keymint device.
04-24 06:29:22.820   589   589 E keystore2: system/security/keystore2/src/error.rs:180 - system/security/keystore2/src/maintenance.rs:167: getting keymint device
04-24 06:29:22.820   589   589 E keystore2: 
04-24 06:29:22.820   589   589 E keystore2: Caused by:
04-24 06:29:22.820   589   589 E keystore2:     0: system/security/keystore2/src/globals.rs:335: Cannot connect to Keymint
04-24 06:29:22.820   589   589 E keystore2:     1: system/security/keystore2/src/globals.rs:246: Trying to get Legacy wrapper.
04-24 06:29:22.820   589   589 E keystore2:     2: Error::Km(r#HARDWARE_TYPE_UNAVAILABLE)
04-24 06:29:22.820   559   559 E vold    : keystore2 Keystore earlyBootEnded returned service specific error: -68
--------- switch to main
04-24 06:29:22.831   591   591 I sscrpcd : vendor/qcom/proprietary/commonsys-intf/adsprpc/src/rpcmem_android.c:158: rpcmem_init_internal: opened ION device fd 5, configured heap IDs: system (0x2000000), contig (0x400000), secure (0x200), secure flags (0x80080000)
04-24 06:29:22.831   591   591 I sscrpcd : vendor/qcom/proprietary/commonsys-intf/adsprpc/src/fastrpc_apps_user.c:2794: fastrpc_apps_user_init done
04-24 06:29:22.831   591   591 E sscrpcd : vendor/qcom/proprietary/sensors-see/sscrpcd/src/sscrpcd.cpp:82:adsp_default_listener_start called for [sensorspd]
04-24 06:29:22.831   591   591 I sscrpcd : vendor/qcom/proprietary/commonsys-intf/adsprpc/src/fastrpc_pm.c:85: fastrpc_wake_lock_init done for sscrpcd:591
04-24 06:29:22.831   591   591 I sscrpcd : vendor/qcom/proprietary/commonsys-intf/adsprpc/src/fastrpc_apps_user.c:1513: wakelock_control: enabled wakelock control for domain 0
04-24 06:29:22.831   591   591 E sscrpcd : vendor/qcom/proprietary/sensors-see/sscrpcd/src/sscrpcd.cpp:60:fastrpc wakelock control is enabled
04-24 06:29:22.832   591   591 I sscrpcd : vendor/qcom/proprietary/commonsys-intf/adsprpc/src/fastrpc_apps_user.c:1203: remote_handle_open: Successfully opened handle 0x0 for '":;./\createstaticpd:sensorspd on domain 0
04-24 06:29:22.832   591   591 E sscrpcd : vendor/qcom/proprietary/commonsys-intf/adsprpc/src/fastrpc_apps_user.c:2588: Error 0x200: apps_dev_init failed for domain 0, errno Transport endpoint is not connected
04-24 06:29:22.832   591   591 E sscrpcd : vendor/qcom/proprietary/commonsys-intf/adsprpc/src/fastrpc_apps_user.c:2686: Error 0x200: open_dev (-1) failed for domain 0 (errno Transport endpoint is not connected)
04-24 06:29:22.832   591   591 W sscrpcd : vendor/qcom/proprietary/commonsys-intf/adsprpc/src/fastrpc_apps_user.c:1441:Warning 0xe: remote_get_info failed to get attribute 257 for domain 0 (errno Success)
04-24 06:29:22.832   591   591 E sscrpcd : vendor/qcom/proprietary/commonsys-intf/adsprpc/src/fastrpc_apps_user.c:1206: Error 0x200: remote_handle_open failed for adsp_default_listener (errno Success)
04-24 06:29:22.832   591   591 E sscrpcd : vendor/qcom/proprietary/sensors-see/sscrpcd/src/sscrpcd.cpp:86:listener exits
04-24 06:29:22.832   591   591 I sscrpcd : vendor/qcom/proprietary/commonsys-intf/adsprpc/src/rpcmem_android.c:191: rpcmem_deinit_internal: closed ION fd 5
04-24 06:29:22.832   591   591 I sscrpcd : vendor/qcom/proprietary/commonsys-intf/adsprpc/src/fastrpc_pm.c:116: fastrpc_wake_lock_deinit done
04-24 06:29:22.832   591   591 I sscrpcd : vendor/qcom/proprietary/commonsys-intf/adsprpc/src/fastrpc_apps_user.c:2734: fastrpc_apps_user_deinit done
04-24 06:29:22.832   591   591 E sscrpcd : vendor/qcom/proprietary/sensors-see/sscrpcd/src/sscrpcd.cpp:97:sscrpcd daemon will restart after 25ms...
04-24 06:29:22.861   591   591 I sscrpcd : vendor/qcom/proprietary/commonsys-intf/adsprpc/src/rpcmem_android.c:158: rpcmem_init_internal: opened ION device fd 5, configured heap IDs: system (0x2000000), contig (0x400000), secure (0x200), secure flags (0x80080000)
04-24 06:29:22.861   591   591 I sscrpcd : vendor/qcom/proprietary/commonsys-intf/adsprpc/src/fastrpc_apps_user.c:2794: fastrpc_apps_user_init done
04-24 06:29:22.861   591   591 E sscrpcd : vendor/qcom/proprietary/sensors-see/sscrpcd/src/sscrpcd.cpp:82:adsp_default_listener_start called for [sensorspd]
04-24 06:29:22.861   591   591 I sscrpcd : vendor/qcom/proprietary/commonsys-intf/adsprpc/src/fastrpc_pm.c:85: fastrpc_wake_lock_init done for sscrpcd:591
04-24 06:29:22.861   591   591 I sscrpcd : vendor/qcom/proprietary/commonsys-intf/adsprpc/src/fastrpc_apps_user.c:1513: wakelock_control: enabled wakelock control for domain 0
04-24 06:29:22.861   591   591 E sscrpcd : vendor/qcom/proprietary/sensors-see/sscrpcd/src/sscrpcd.cpp:60:fastrpc wakelock control is enabled
04-24 06:29:22.861   591   591 I sscrpcd : vendor/qcom/proprietary/commonsys-intf/adsprpc/src/fastrpc_apps_user.c:1203: remote_handle_open: Successfully opened handle 0x0 for '":;./\createstaticpd:sensorspd on domain 0
04-24 06:29:22.861   591   591 E sscrpcd : vendor/qcom/proprietary/commonsys-intf/adsprpc/src/fastrpc_apps_user.c:2588: Error 0x200: apps_dev_init failed for domain 0, errno Transport endpoint is not connected
04-24 06:29:22.861   591   591 E sscrpcd : vendor/qcom/proprietary/commonsys-intf/adsprpc/src/fastrpc_apps_user.c:2686: Error 0x200: open_dev (-1) failed for domain 0 (errno Transport endpoint is not connected)
04-24 06:29:22.861   591   591 W sscrpcd : vendor/qcom/proprietary/commonsys-intf/adsprpc/src/fastrpc_apps_user.c:1441:Warning 0xe: remote_get_info failed to get attribute 257 for domain 0 (errno Success)
04-24 06:29:22.861   591   591 E sscrpcd : vendor/qcom/proprietary/commonsys-intf/adsprpc/src/fastrpc_apps_user.c:1206: Error 0x200: remote_handle_open failed for adsp_default_listener (errno Success)
04-24 06:29:22.861   591   591 E sscrpcd : vendor/qcom/proprietary/sensors-see/sscrpcd/src/sscrpcd.cpp:86:listener exits
04-24 06:29:22.861   591   591 I sscrpcd : vendor/qcom/proprietary/commonsys-intf/adsprpc/src/rpcmem_android.c:191: rpcmem_deinit_internal: closed ION fd 5
04-24 06:29:22.861   591   591 I sscrpcd : vendor/qcom/proprietary/commonsys-intf/adsprpc/src/fastrpc_pm.c:116: fastrpc_wake_lock_deinit done
04-24 06:29:22.861   591   591 I sscrpcd : vendor/qcom/proprietary/commonsys-intf/adsprpc/src/fastrpc_apps_user.c:2734: fastrpc_apps_user_deinit done
04-24 06:29:22.862   591   591 E sscrpcd : vendor/qcom/proprietary/sensors-see/sscrpcd/src/sscrpcd.cpp:97:sscrpcd daemon will restart after 25ms...
04-24 06:29:22.890   591   591 I sscrpcd : vendor/qcom/proprietary/commonsys-intf/adsprpc/src/rpcmem_android.c:158: rpcmem_init_internal: opened ION device fd 5, configured heap IDs: system (0x2000000), contig (0x400000), secure (0x200), secure flags (0x80080000)
04-24 06:29:22.890   591   591 I sscrpcd : vendor/qcom/proprietary/commonsys-intf/adsprpc/src/fastrpc_apps_user.c:2794: fastrpc_apps_user_init done
04-24 06:29:22.890   591   591 E sscrpcd : vendor/qcom/proprietary/sensors-see/sscrpcd/src/sscrpcd.cpp:82:adsp_default_listener_start called for [sensorspd]
04-24 06:29:22.890   591   591 I sscrpcd : vendor/qcom/proprietary/commonsys-intf/adsprpc/src/fastrpc_pm.c:85: fastrpc_wake_lock_init done for sscrpcd:591
04-24 06:29:22.890   591   591 I sscrpcd : vendor/qcom/proprietary/commonsys-intf/adsprpc/src/fastrpc_apps_user.c:1513: wakelock_control: enabled wakelock control for domain 0
04-24 06:29:22.890   591   591 E sscrpcd : vendor/qcom/proprietary/sensors-see/sscrpcd/src/sscrpcd.cpp:60:fastrpc wakelock control is enabled
04-24 06:29:22.890   591   591 I sscrpcd : vendor/qcom/proprietary/commonsys-intf/adsprpc/src/fastrpc_apps_user.c:1203: remote_handle_open: Successfully opened handle 0x0 for '":;./\createstaticpd:sensorspd on domain 0
04-24 06:29:22.890   591   591 E sscrpcd : vendor/qcom/proprietary/commonsys-intf/adsprpc/src/fastrpc_apps_user.c:2588: Error 0x200: apps_dev_init failed for domain 0, errno Transport endpoint is not connected
04-24 06:29:22.890   591   591 E sscrpcd : vendor/qcom/proprietary/commonsys-intf/adsprpc/src/fastrpc_apps_user.c:2686: Error 0x200: open_dev (-1) failed for domain 0 (errno Transport endpoint is not connected)
04-24 06:29:22.890   591   591 W sscrpcd : vendor/qcom/proprietary/commonsys-intf/adsprpc/src/fastrpc_apps_user.c:1441:Warning 0xe: remote_get_info failed to get attribute 257 for domain 0 (errno Success)
04-24 06:29:22.890   591   591 E sscrpcd : vendor/qcom/proprietary/commonsys-intf/adsprpc/src/fastrpc_apps_user.c:1206: Error 0x200: remote_handle_open failed for adsp_default_listener (errno Success)
04-24 06:29:22.890   591   591 E sscrpcd : vendor/qcom/proprietary/sensors-see/sscrpcd/src/sscrpcd.cpp:86:listener exits
04-24 06:29:22.890   591   591 I sscrpcd : vendor/qcom/proprietary/commonsys-intf/adsprpc/src/rpcmem_android.c:191: rpcmem_deinit_internal: closed ION fd 5
04-24 06:29:22.890   591   591 I sscrpcd : vendor/qcom/proprietary/commonsys-intf/adsprpc/src/fastrpc_pm.c:116: fastrpc_wake_lock_deinit done
04-24 06:29:22.890   591   591 I sscrpcd : vendor/qcom/proprietary/commonsys-intf/adsprpc/src/fastrpc_apps_user.c:2734: fastrpc_apps_user_deinit done
04-24 06:29:22.891   591   591 E sscrpcd : vendor/qcom/proprietary/sensors-see/sscrpcd/src/sscrpcd.cpp:97:sscrpcd daemon will restart after 25ms...
04-24 06:29:22.918   591   591 I sscrpcd : vendor/qcom/proprietary/commonsys-intf/adsprpc/src/rpcmem_android.c:158: rpcmem_init_internal: opened ION device fd 5, configured heap IDs: system (0x2000000), contig (0x400000), secure (0x200), secure flags (0x80080000)
04-24 06:29:22.919   591   591 I sscrpcd : vendor/qcom/proprietary/commonsys-intf/adsprpc/src/fastrpc_apps_user.c:2794: fastrpc_apps_user_init done
04-24 06:29:22.919   591   591 E sscrpcd : vendor/qcom/proprietary/sensors-see/sscrpcd/src/sscrpcd.cpp:82:adsp_default_listener_start called for [sensorspd]
04-24 06:29:22.919   591   591 I sscrpcd : vendor/qcom/proprietary/commonsys-intf/adsprpc/src/fastrpc_pm.c:85: fastrpc_wake_lock_init done for sscrpcd:591
04-24 06:29:22.919   591   591 I sscrpcd : vendor/qcom/proprietary/commonsys-intf/adsprpc/src/fastrpc_apps_user.c:1513: wakelock_control: enabled wakelock control for domain 0
04-24 06:29:22.919   591   591 E sscrpcd : vendor/qcom/proprietary/sensors-see/sscrpcd/src/sscrpcd.cpp:60:fastrpc wakelock control is enabled
04-24 06:29:22.919   591   591 I sscrpcd : vendor/qcom/proprietary/commonsys-intf/adsprpc/src/fastrpc_apps_user.c:1203: remote_handle_open: Successfully opened handle 0x0 for '":;./\createstaticpd:sensorspd on domain 0
04-24 06:29:22.919   591   591 E sscrpcd : vendor/qcom/proprietary/commonsys-intf/adsprpc/src/fastrpc_apps_user.c:2588: Error 0x200: apps_dev_init failed for domain 0, errno Transport endpoint is not connected
04-24 06:29:22.919   591   591 E sscrpcd : vendor/qcom/proprietary/commonsys-intf/adsprpc/src/fastrpc_apps_user.c:2686: Error 0x200: open_dev (-1) failed for domain 0 (errno Transport endpoint is not connected)
04-24 06:29:22.919   591   591 W sscrpcd : vendor/qcom/proprietary/commonsys-intf/adsprpc/src/fastrpc_apps_user.c:1441:Warning 0xe: remote_get_info failed to get attribute 257 for domain 0 (errno Success)
04-24 06:29:22.919   591   591 E sscrpcd : vendor/qcom/proprietary/commonsys-intf/adsprpc/src/fastrpc_apps_user.c:1206: Error 0x200: remote_handle_open failed for adsp_default_listener (errno Success)
04-24 06:29:22.919   591   591 E sscrpcd : vendor/qcom/proprietary/sensors-see/sscrpcd/src/sscrpcd.cpp:86:listener exits
04-24 06:29:22.919   591   591 I sscrpcd : vendor/qcom/proprietary/commonsys-intf/adsprpc/src/rpcmem_android.c:191: rpcmem_deinit_internal: closed ION fd 5
04-24 06:29:22.919   591   591 I sscrpcd : vendor/qcom/proprietary/commonsys-intf/adsprpc/src/fastrpc_pm.c:116: fastrpc_wake_lock_deinit done
04-24 06:29:22.919   591   591 I sscrpcd : vendor/qcom/proprietary/commonsys-intf/adsprpc/src/fastrpc_apps_user.c:2734: fastrpc_apps_user_deinit done
04-24 06:29:22.920   591   591 E sscrpcd : vendor/qcom/proprietary/sensors-see/sscrpcd/src/sscrpcd.cpp:97:sscrpcd daemon will restart after 25ms...
04-24 06:29:22.948   591   591 I sscrpcd : vendor/qcom/proprietary/commonsys-intf/adsprpc/src/rpcmem_android.c:158: rpcmem_init_internal: opened ION device fd 5, configured heap IDs: system (0x2000000), contig (0x400000), secure (0x200), secure flags (0x80080000)
04-24 06:29:22.948   591   591 I sscrpcd : vendor/qcom/proprietary/commonsys-intf/adsprpc/src/fastrpc_apps_user.c:2794: fastrpc_apps_user_init done
04-24 06:29:22.948   591   591 E sscrpcd : vendor/qcom/proprietary/sensors-see/sscrpcd/src/sscrpcd.cpp:82:adsp_default_listener_start called for [sensorspd]
04-24 06:29:22.948   591   591 I sscrpcd : vendor/qcom/proprietary/commonsys-intf/adsprpc/src/fastrpc_pm.c:85: fastrpc_wake_lock_init done for sscrpcd:591
04-24 06:29:22.948   591   591 I sscrpcd : vendor/qcom/proprietary/commonsys-intf/adsprpc/src/fastrpc_apps_user.c:1513: wakelock_control: enabled wakelock control for domain 0
04-24 06:29:22.948   591   591 E sscrpcd : vendor/qcom/proprietary/sensors-see/sscrpcd/src/sscrpcd.cpp:60:fastrpc wakelock control is enabled
04-24 06:29:22.948   591   591 I sscrpcd : vendor/qcom/proprietary/commonsys-intf/adsprpc/src/fastrpc_apps_user.c:1203: remote_handle_open: Successfully opened handle 0x0 for '":;./\createstaticpd:sensorspd on domain 0
04-24 06:29:22.948   591   591 E sscrpcd : vendor/qcom/proprietary/commonsys-intf/adsprpc/src/fastrpc_apps_user.c:2588: Error 0x200: apps_dev_init failed for domain 0, errno Transport endpoint is not connected
04-24 06:29:22.948   591   591 E sscrpcd : vendor/qcom/proprietary/commonsys-intf/adsprpc/src/fastrpc_apps_user.c:2686: Error 0x200: open_dev (-1) failed for domain 0 (errno Transport endpoint is not connected)
04-24 06:29:22.948   591   591 W sscrpcd : vendor/qcom/proprietary/commonsys-intf/adsprpc/src/fastrpc_apps_user.c:1441:Warning 0xe: remote_get_info failed to get attribute 257 for domain 0 (errno Success)
04-24 06:29:22.948   591   591 E sscrpcd : vendor/qcom/proprietary/commonsys-intf/adsprpc/src/fastrpc_apps_user.c:1206: Error 0x200: remote_handle_open failed for adsp_default_listener (errno Success)
04-24 06:29:22.948   591   591 E sscrpcd : vendor/qcom/proprietary/sensors-see/sscrpcd/src/sscrpcd.cpp:86:listener exits
04-24 06:29:22.948   591   591 I sscrpcd : vendor/qcom/proprietary/commonsys-intf/adsprpc/src/rpcmem_android.c:191: rpcmem_deinit_internal: closed ION fd 5
04-24 06:29:22.948   591   591 I sscrpcd : vendor/qcom/proprietary/commonsys-intf/adsprpc/src/fastrpc_pm.c:116: fastrpc_wake_lock_deinit done
04-24 06:29:22.948   591   591 I sscrpcd : vendor/qcom/proprietary/commonsys-intf/adsprpc/src/fastrpc_apps_user.c:2734: fastrpc_apps_user_deinit done
04-24 06:29:22.949   591   591 E sscrpcd : vendor/qcom/proprietary/sensors-see/sscrpcd/src/sscrpcd.cpp:97:sscrpcd daemon will restart after 25ms...
04-24 06:29:22.988   591   591 I sscrpcd : vendor/qcom/proprietary/commonsys-intf/adsprpc/src/rpcmem_android.c:158: rpcmem_init_internal: opened ION device fd 5, configured heap IDs: system (0x2000000), contig (0x400000), secure (0x200), secure flags (0x80080000)
04-24 06:29:22.988   591   591 I sscrpcd : vendor/qcom/proprietary/commonsys-intf/adsprpc/src/fastrpc_apps_user.c:2794: fastrpc_apps_user_init done
04-24 06:29:22.988   591   591 E sscrpcd : vendor/qcom/proprietary/sensors-see/sscrpcd/src/sscrpcd.cpp:82:adsp_default_listener_start called for [sensorspd]
04-24 06:29:22.989   591   591 I sscrpcd : vendor/qcom/proprietary/commonsys-intf/adsprpc/src/fastrpc_pm.c:85: fastrpc_wake_lock_init done for sscrpcd:591
04-24 06:29:22.989   591   591 I sscrpcd : vendor/qcom/proprietary/commonsys-intf/adsprpc/src/fastrpc_apps_user.c:1513: wakelock_control: enabled wakelock control for domain 0
04-24 06:29:22.989   591   591 E sscrpcd : vendor/qcom/proprietary/sensors-see/sscrpcd/src/sscrpcd.cpp:60:fastrpc wakelock control is enabled
04-24 06:29:22.989   591   591 I sscrpcd : vendor/qcom/proprietary/commonsys-intf/adsprpc/src/fastrpc_apps_user.c:1203: remote_handle_open: Successfully opened handle 0x0 for '":;./\createstaticpd:sensorspd on domain 0
04-24 06:29:22.989   591   591 E sscrpcd : vendor/qcom/proprietary/commonsys-intf/adsprpc/src/fastrpc_apps_user.c:2588: Error 0x200: apps_dev_init failed for domain 0, errno Transport endpoint is not connected
04-24 06:29:22.989   591   591 E sscrpcd : vendor/qcom/proprietary/commonsys-intf/adsprpc/src/fastrpc_apps_user.c:2686: Error 0x200: open_dev (-1) failed for domain 0 (errno Transport endpoint is not connected)
04-24 06:29:22.989   591   591 W sscrpcd : vendor/qcom/proprietary/commonsys-intf/adsprpc/src/fastrpc_apps_user.c:1441:Warning 0xe: remote_get_info failed to get attribute 257 for domain 0 (errno Success)
04-24 06:29:22.989   591   591 E sscrpcd : vendor/qcom/proprietary/commonsys-intf/adsprpc/src/fastrpc_apps_user.c:1206: Error 0x200: remote_handle_open failed for adsp_default_listener (errno Success)
04-24 06:29:22.989   591   591 E sscrpcd : vendor/qcom/proprietary/sensors-see/sscrpcd/src/sscrpcd.cpp:86:listener exits
04-24 06:29:22.990   591   591 I sscrpcd : vendor/qcom/proprietary/commonsys-intf/adsprpc/src/rpcmem_android.c:191: rpcmem_deinit_internal: closed ION fd 5
04-24 06:29:22.990   591   591 I sscrpcd : vendor/qcom/proprietary/commonsys-intf/adsprpc/src/fastrpc_pm.c:116: fastrpc_wake_lock_deinit done
04-24 06:29:22.990   591   591 I sscrpcd : vendor/qcom/proprietary/commonsys-intf/adsprpc/src/fastrpc_apps_user.c:2734: fastrpc_apps_user_deinit done
04-24 06:29:22.991   591   591 E sscrpcd : vendor/qcom/proprietary/sensors-see/sscrpcd/src/sscrpcd.cpp:97:sscrpcd daemon will restart after 25ms...
04-24 06:29:23.021   591   591 I sscrpcd : vendor/qcom/proprietary/commonsys-intf/adsprpc/src/rpcmem_android.c:158: rpcmem_init_internal: opened ION device fd 5, configured heap IDs: system (0x2000000), contig (0x400000), secure (0x200), secure flags (0x80080000)
04-24 06:29:23.021   591   591 I sscrpcd : vendor/qcom/proprietary/commonsys-intf/adsprpc/src/fastrpc_apps_user.c:2794: fastrpc_apps_user_init done
04-24 06:29:23.021   591   591 E sscrpcd : vendor/qcom/proprietary/sensors-see/sscrpcd/src/sscrpcd.cpp:82:adsp_default_listener_start called for [sensorspd]
04-24 06:29:23.022   591   591 I sscrpcd : vendor/qcom/proprietary/commonsys-intf/adsprpc/src/fastrpc_pm.c:85: fastrpc_wake_lock_init done for sscrpcd:591
04-24 06:29:23.022   591   591 I sscrpcd : vendor/qcom/proprietary/commonsys-intf/adsprpc/src/fastrpc_apps_user.c:1513: wakelock_control: enabled wakelock control for domain 0
04-24 06:29:23.022   591   591 E sscrpcd : vendor/qcom/proprietary/sensors-see/sscrpcd/src/sscrpcd.cpp:60:fastrpc wakelock control is enabled
04-24 06:29:23.022   591   591 I sscrpcd : vendor/qcom/proprietary/commonsys-intf/adsprpc/src/fastrpc_apps_user.c:1203: remote_handle_open: Successfully opened handle 0x0 for '":;./\createstaticpd:sensorspd on domain 0
04-24 06:29:23.023   591   591 E sscrpcd : vendor/qcom/proprietary/commonsys-intf/adsprpc/src/fastrpc_apps_user.c:2588: Error 0x200: apps_dev_init failed for domain 0, errno Transport endpoint is not connected
04-24 06:29:23.023   591   591 E sscrpcd : vendor/qcom/proprietary/commonsys-intf/adsprpc/src/fastrpc_apps_user.c:2686: Error 0x200: open_dev (-1) failed for domain 0 (errno Transport endpoint is not connected)
04-24 06:29:23.023   591   591 W sscrpcd : vendor/qcom/proprietary/commonsys-intf/adsprpc/src/fastrpc_apps_user.c:1441:Warning 0xe: remote_get_info failed to get attribute 257 for domain 0 (errno Success)
04-24 06:29:23.023   591   591 E sscrpcd : vendor/qcom/proprietary/commonsys-intf/adsprpc/src/fastrpc_apps_user.c:1206: Error 0x200: remote_handle_open failed for adsp_default_listener (errno Success)
04-24 06:29:23.023   591   591 E sscrpcd : vendor/qcom/proprietary/sensors-see/sscrpcd/src/sscrpcd.cpp:86:listener exits
04-24 06:29:23.023   591   591 I sscrpcd : vendor/qcom/proprietary/commonsys-intf/adsprpc/src/rpcmem_android.c:191: rpcmem_deinit_internal: closed ION fd 5
04-24 06:29:23.023   591   591 I sscrpcd : vendor/qcom/proprietary/commonsys-intf/adsprpc/src/fastrpc_pm.c:116: fastrpc_wake_lock_deinit done
04-24 06:29:23.023   591   591 I sscrpcd : vendor/qcom/proprietary/commonsys-intf/adsprpc/src/fastrpc_apps_user.c:2734: fastrpc_apps_user_deinit done
04-24 06:29:23.024   591   591 E sscrpcd : vendor/qcom/proprietary/sensors-see/sscrpcd/src/sscrpcd.cpp:97:sscrpcd daemon will restart after 25ms...
04-24 06:29:23.053   591   591 I sscrpcd : vendor/qcom/proprietary/commonsys-intf/adsprpc/src/rpcmem_android.c:158: rpcmem_init_internal: opened ION device fd 5, configured heap IDs: system (0x2000000), contig (0x400000), secure (0x200), secure flags (0x80080000)
04-24 06:29:23.053   591   591 I sscrpcd : vendor/qcom/proprietary/commonsys-intf/adsprpc/src/fastrpc_apps_user.c:2794: fastrpc_apps_user_init done
04-24 06:29:23.053   591   591 E sscrpcd : vendor/qcom/proprietary/sensors-see/sscrpcd/src/sscrpcd.cpp:82:adsp_default_listener_start called for [sensorspd]
04-24 06:29:23.053   591   591 I sscrpcd : vendor/qcom/proprietary/commonsys-intf/adsprpc/src/fastrpc_pm.c:85: fastrpc_wake_lock_init done for sscrpcd:591
04-24 06:29:23.053   591   591 I sscrpcd : vendor/qcom/proprietary/commonsys-intf/adsprpc/src/fastrpc_apps_user.c:1513: wakelock_control: enabled wakelock control for domain 0
04-24 06:29:23.053   591   591 E sscrpcd : vendor/qcom/proprietary/sensors-see/sscrpcd/src/sscrpcd.cpp:60:fastrpc wakelock control is enabled
04-24 06:29:23.053   591   591 I sscrpcd : vendor/qcom/proprietary/commonsys-intf/adsprpc/src/fastrpc_apps_user.c:1203: remote_handle_open: Successfully opened handle 0x0 for '":;./\createstaticpd:sensorspd on domain 0
04-24 06:29:23.053   591   591 E sscrpcd : vendor/qcom/proprietary/commonsys-intf/adsprpc/src/fastrpc_apps_user.c:2588: Error 0x200: apps_dev_init failed for domain 0, errno Transport endpoint is not connected
04-24 06:29:23.053   591   591 E sscrpcd : vendor/qcom/proprietary/commonsys-intf/adsprpc/src/fastrpc_apps_user.c:2686: Error 0x200: open_dev (-1) failed for domain 0 (errno Transport endpoint is not connected)
04-24 06:29:23.053   591   591 W sscrpcd : vendor/qcom/proprietary/commonsys-intf/adsprpc/src/fastrpc_apps_user.c:1441:Warning 0xe: remote_get_info failed to get attribute 257 for domain 0 (errno Success)
04-24 06:29:23.053   591   591 E sscrpcd : vendor/qcom/proprietary/commonsys-intf/adsprpc/src/fastrpc_apps_user.c:1206: Error 0x200: remote_handle_open failed for adsp_default_listener (errno Success)
04-24 06:29:23.053   591   591 E sscrpcd : vendor/qcom/proprietary/sensors-see/sscrpcd/src/sscrpcd.cpp:86:listener exits
04-24 06:29:23.053   591   591 I sscrpcd : vendor/qcom/proprietary/commonsys-intf/adsprpc/src/rpcmem_android.c:191: rpcmem_deinit_internal: closed ION fd 5
04-24 06:29:23.053   591   591 I sscrpcd : vendor/qcom/proprietary/commonsys-intf/adsprpc/src/fastrpc_pm.c:116: fastrpc_wake_lock_deinit done
04-24 06:29:23.053   591   591 I sscrpcd : vendor/qcom/proprietary/commonsys-intf/adsprpc/src/fastrpc_apps_user.c:2734: fastrpc_apps_user_deinit done
04-24 06:29:23.054   591   591 E sscrpcd : vendor/qcom/proprietary/sensors-see/sscrpcd/src/sscrpcd.cpp:97:sscrpcd daemon will restart after 25ms...
04-24 06:29:23.082   591   591 I sscrpcd : vendor/qcom/proprietary/commonsys-intf/adsprpc/src/rpcmem_android.c:158: rpcmem_init_internal: opened ION device fd 5, configured heap IDs: system (0x2000000), contig (0x400000), secure (0x200), secure flags (0x80080000)
04-24 06:29:23.082   591   591 I sscrpcd : vendor/qcom/proprietary/commonsys-intf/adsprpc/src/fastrpc_apps_user.c:2794: fastrpc_apps_user_init done
04-24 06:29:23.082   591   591 E sscrpcd : vendor/qcom/proprietary/sensors-see/sscrpcd/src/sscrpcd.cpp:82:adsp_default_listener_start called for [sensorspd]
04-24 06:29:23.082   591   591 I sscrpcd : vendor/qcom/proprietary/commonsys-intf/adsprpc/src/fastrpc_pm.c:85: fastrpc_wake_lock_init done for sscrpcd:591
04-24 06:29:23.082   591   591 I sscrpcd : vendor/qcom/proprietary/commonsys-intf/adsprpc/src/fastrpc_apps_user.c:1513: wakelock_control: enabled wakelock control for domain 0
04-24 06:29:23.082   591   591 E sscrpcd : vendor/qcom/proprietary/sensors-see/sscrpcd/src/sscrpcd.cpp:60:fastrpc wakelock control is enabled
04-24 06:29:23.082   591   591 I sscrpcd : vendor/qcom/proprietary/commonsys-intf/adsprpc/src/fastrpc_apps_user.c:1203: remote_handle_open: Successfully opened handle 0x0 for '":;./\createstaticpd:sensorspd on domain 0
04-24 06:29:23.083   591   591 E sscrpcd : vendor/qcom/proprietary/commonsys-intf/adsprpc/src/fastrpc_apps_user.c:2588: Error 0x200: apps_dev_init failed for domain 0, errno Transport endpoint is not connected
04-24 06:29:23.083   591   591 E sscrpcd : vendor/qcom/proprietary/commonsys-intf/adsprpc/src/fastrpc_apps_user.c:2686: Error 0x200: open_dev (-1) failed for domain 0 (errno Transport endpoint is not connected)
04-24 06:29:23.083   591   591 W sscrpcd : vendor/qcom/proprietary/commonsys-intf/adsprpc/src/fastrpc_apps_user.c:1441:Warning 0xe: remote_get_info failed to get attribute 257 for domain 0 (errno Success)
04-24 06:29:23.083   591   591 E sscrpcd : vendor/qcom/proprietary/commonsys-intf/adsprpc/src/fastrpc_apps_user.c:1206: Error 0x200: remote_handle_open failed for adsp_default_listener (errno Success)
04-24 06:29:23.083   591   591 E sscrpcd : vendor/qcom/proprietary/sensors-see/sscrpcd/src/sscrpcd.cpp:86:listener exits
04-24 06:29:23.083   591   591 I sscrpcd : vendor/qcom/proprietary/commonsys-intf/adsprpc/src/rpcmem_android.c:191: rpcmem_deinit_internal: closed ION fd 5
04-24 06:29:23.083   591   591 I sscrpcd : vendor/qcom/proprietary/commonsys-intf/adsprpc/src/fastrpc_pm.c:116: fastrpc_wake_lock_deinit done
04-24 06:29:23.083   591   591 I sscrpcd : vendor/qcom/proprietary/commonsys-intf/adsprpc/src/fastrpc_apps_user.c:2734: fastrpc_apps_user_deinit done
04-24 06:29:23.084   591   591 E sscrpcd : vendor/qcom/proprietary/sensors-see/sscrpcd/src/sscrpcd.cpp:97:sscrpcd daemon will restart after 25ms...
04-24 06:29:23.111   591   591 I sscrpcd : vendor/qcom/proprietary/commonsys-intf/adsprpc/src/rpcmem_android.c:158: rpcmem_init_internal: opened ION device fd 5, configured heap IDs: system (0x2000000), contig (0x400000), secure (0x200), secure flags (0x80080000)
04-24 06:29:23.111   591   591 I sscrpcd : vendor/qcom/proprietary/commonsys-intf/adsprpc/src/fastrpc_apps_user.c:2794: fastrpc_apps_user_init done
04-24 06:29:23.112   591   591 E sscrpcd : vendor/qcom/proprietary/sensors-see/sscrpcd/src/sscrpcd.cpp:82:adsp_default_listener_start called for [sensorspd]
04-24 06:29:23.112   591   591 I sscrpcd : vendor/qcom/proprietary/commonsys-intf/adsprpc/src/fastrpc_pm.c:85: fastrpc_wake_lock_init done for sscrpcd:591
04-24 06:29:23.112   591   591 I sscrpcd : vendor/qcom/proprietary/commonsys-intf/adsprpc/src/fastrpc_apps_user.c:1513: wakelock_control: enabled wakelock control for domain 0
04-24 06:29:23.112   591   591 E sscrpcd : vendor/qcom/proprietary/sensors-see/sscrpcd/src/sscrpcd.cpp:60:fastrpc wakelock control is enabled
04-24 06:29:23.112   591   591 I sscrpcd : vendor/qcom/proprietary/commonsys-intf/adsprpc/src/fastrpc_apps_user.c:1203: remote_handle_open: Successfully opened handle 0x0 for '":;./\createstaticpd:sensorspd on domain 0
04-24 06:29:23.112   591   591 E sscrpcd : vendor/qcom/proprietary/commonsys-intf/adsprpc/src/fastrpc_apps_user.c:2588: Error 0x200: apps_dev_init failed for domain 0, errno Transport endpoint is not connected
04-24 06:29:23.112   591   591 E sscrpcd : vendor/qcom/proprietary/commonsys-intf/adsprpc/src/fastrpc_apps_user.c:2686: Error 0x200: open_dev (-1) failed for domain 0 (errno Transport endpoint is not connected)
04-24 06:29:23.112   591   591 W sscrpcd : vendor/qcom/proprietary/commonsys-intf/adsprpc/src/fastrpc_apps_user.c:1441:Warning 0xe: remote_get_info failed to get attribute 257 for domain 0 (errno Success)
04-24 06:29:23.112   591   591 E sscrpcd : vendor/qcom/proprietary/commonsys-intf/adsprpc/src/fastrpc_apps_user.c:1206: Error 0x200: remote_handle_open failed for adsp_default_listener (errno Success)
04-24 06:29:23.112   591   591 E sscrpcd : vendor/qcom/proprietary/sensors-see/sscrpcd/src/sscrpcd.cpp:86:listener exits
04-24 06:29:23.112   591   591 I sscrpcd : vendor/qcom/proprietary/commonsys-intf/adsprpc/src/rpcmem_android.c:191: rpcmem_deinit_internal: closed ION fd 5
04-24 06:29:23.112   591   591 I sscrpcd : vendor/qcom/proprietary/commonsys-intf/adsprpc/src/fastrpc_pm.c:116: fastrpc_wake_lock_deinit done
04-24 06:29:23.112   591   591 I sscrpcd : vendor/qcom/proprietary/commonsys-intf/adsprpc/src/fastrpc_apps_user.c:2734: fastrpc_apps_user_deinit done
04-24 06:29:23.113   591   591 E sscrpcd : vendor/qcom/proprietary/sensors-see/sscrpcd/src/sscrpcd.cpp:97:sscrpcd daemon will restart after 25ms...
04-24 06:29:23.140   591   591 I sscrpcd : vendor/qcom/proprietary/commonsys-intf/adsprpc/src/rpcmem_android.c:158: rpcmem_init_internal: opened ION device fd 5, configured heap IDs: system (0x2000000), contig (0x400000), secure (0x200), secure flags (0x80080000)
04-24 06:29:23.141   591   591 I sscrpcd : vendor/qcom/proprietary/commonsys-intf/adsprpc/src/fastrpc_apps_user.c:2794: fastrpc_apps_user_init done
04-24 06:29:23.141   591   591 E sscrpcd : vendor/qcom/proprietary/sensors-see/sscrpcd/src/sscrpcd.cpp:82:adsp_default_listener_start called for [sensorspd]
04-24 06:29:23.141   591   591 I sscrpcd : vendor/qcom/proprietary/commonsys-intf/adsprpc/src/fastrpc_pm.c:85: fastrpc_wake_lock_init done for sscrpcd:591
04-24 06:29:23.141   591   591 I sscrpcd : vendor/qcom/proprietary/commonsys-intf/adsprpc/src/fastrpc_apps_user.c:1513: wakelock_control: enabled wakelock control for domain 0
04-24 06:29:23.141   591   591 E sscrpcd : vendor/qcom/proprietary/sensors-see/sscrpcd/src/sscrpcd.cpp:60:fastrpc wakelock control is enabled
04-24 06:29:23.141   591   591 I sscrpcd : vendor/qcom/proprietary/commonsys-intf/adsprpc/src/fastrpc_apps_user.c:1203: remote_handle_open: Successfully opened handle 0x0 for '":;./\createstaticpd:sensorspd on domain 0
04-24 06:29:23.141   591   591 E sscrpcd : vendor/qcom/proprietary/commonsys-intf/adsprpc/src/fastrpc_apps_user.c:2588: Error 0x200: apps_dev_init failed for domain 0, errno Transport endpoint is not connected
04-24 06:29:23.141   591   591 E sscrpcd : vendor/qcom/proprietary/commonsys-intf/adsprpc/src/fastrpc_apps_user.c:2686: Error 0x200: open_dev (-1) failed for domain 0 (errno Transport endpoint is not connected)
04-24 06:29:23.141   591   591 W sscrpcd : vendor/qcom/proprietary/commonsys-intf/adsprpc/src/fastrpc_apps_user.c:1441:Warning 0xe: remote_get_info failed to get attribute 257 for domain 0 (errno Success)
04-24 06:29:23.141   591   591 E sscrpcd : vendor/qcom/proprietary/commonsys-intf/adsprpc/src/fastrpc_apps_user.c:1206: Error 0x200: remote_handle_open failed for adsp_default_listener (errno Success)
04-24 06:29:23.141   591   591 E sscrpcd : vendor/qcom/proprietary/sensors-see/sscrpcd/src/sscrpcd.cpp:86:listener exits
04-24 06:29:23.141   591   591 I sscrpcd : vendor/qcom/proprietary/commonsys-intf/adsprpc/src/rpcmem_android.c:191: rpcmem_deinit_internal: closed ION fd 5
04-24 06:29:23.141   591   591 I sscrpcd : vendor/qcom/proprietary/commonsys-intf/adsprpc/src/fastrpc_pm.c:116: fastrpc_wake_lock_deinit done
04-24 06:29:23.141   591   591 I sscrpcd : vendor/qcom/proprietary/commonsys-intf/adsprpc/src/fastrpc_apps_user.c:2734: fastrpc_apps_user_deinit done
04-24 06:29:23.141   591   591 E sscrpcd : vendor/qcom/proprietary/sensors-see/sscrpcd/src/sscrpcd.cpp:97:sscrpcd daemon will restart after 25ms...
04-24 06:29:23.165   745   745 I derive_sdk: Read version 7 from 9
04-24 06:29:23.166   745   745 I derive_sdk: Read version 7 from 11
04-24 06:29:23.166   745   745 I derive_sdk: Read version 7 from 7
04-24 06:29:23.166   745   745 I derive_sdk: Read version 7 from 4
04-24 06:29:23.167   745   745 I derive_sdk: Read version 7 from 12
04-24 06:29:23.167   745   745 I derive_sdk: Read version 7 from 3
04-24 06:29:23.168   745   745 I derive_sdk: Read version 7 from 13
04-24 06:29:23.168   745   745 I derive_sdk: Read version 7 from 10
04-24 06:29:23.169   745   745 I derive_sdk: Read version 7 from 1
04-24 06:29:23.169   745   745 I derive_sdk: Read version 7 from 15
04-24 06:29:23.169   745   745 I derive_sdk: Read version 7 from 2
04-24 06:29:23.170   591   591 I sscrpcd : vendor/qcom/proprietary/commonsys-intf/adsprpc/src/rpcmem_android.c:158: rpcmem_init_internal: opened ION device fd 5, configured heap IDs: system (0x2000000), contig (0x400000), secure (0x200), secure flags (0x80080000)
04-24 06:29:23.170   591   591 I sscrpcd : vendor/qcom/proprietary/commonsys-intf/adsprpc/src/fastrpc_apps_user.c:2794: fastrpc_apps_user_init done
04-24 06:29:23.170   591   591 E sscrpcd : vendor/qcom/proprietary/sensors-see/sscrpcd/src/sscrpcd.cpp:82:adsp_default_listener_start called for [sensorspd]
04-24 06:29:23.170   745   745 I derive_sdk: Read version 7 from 16
04-24 06:29:23.170   591   591 I sscrpcd : vendor/qcom/proprietary/commonsys-intf/adsprpc/src/fastrpc_pm.c:85: fastrpc_wake_lock_init done for sscrpcd:591
04-24 06:29:23.170   591   591 I sscrpcd : vendor/qcom/proprietary/commonsys-intf/adsprpc/src/fastrpc_apps_user.c:1513: wakelock_control: enabled wakelock control for domain 0
04-24 06:29:23.170   591   591 E sscrpcd : vendor/qcom/proprietary/sensors-see/sscrpcd/src/sscrpcd.cpp:60:fastrpc wakelock control is enabled
04-24 06:29:23.170   591   591 I sscrpcd : vendor/qcom/proprietary/commonsys-intf/adsprpc/src/fastrpc_apps_user.c:1203: remote_handle_open: Successfully opened handle 0x0 for '":;./\createstaticpd:sensorspd on domain 0
04-24 06:29:23.170   591   591 E sscrpcd : vendor/qcom/proprietary/commonsys-intf/adsprpc/src/fastrpc_apps_user.c:2588: Error 0x200: apps_dev_init failed for domain 0, errno Transport endpoint is not connected
04-24 06:29:23.170   591   591 E sscrpcd : vendor/qcom/proprietary/commonsys-intf/adsprpc/src/fastrpc_apps_user.c:2686: Error 0x200: open_dev (-1) failed for domain 0 (errno Transport endpoint is not connected)
04-24 06:29:23.170   591   591 W sscrpcd : vendor/qcom/proprietary/commonsys-intf/adsprpc/src/fastrpc_apps_user.c:1441:Warning 0xe: remote_get_info failed to get attribute 257 for domain 0 (errno Success)
04-24 06:29:23.170   591   591 E sscrpcd : vendor/qcom/proprietary/commonsys-intf/adsprpc/src/fastrpc_apps_user.c:1206: Error 0x200: remote_handle_open failed for adsp_default_listener (errno Success)
04-24 06:29:23.170   591   591 E sscrpcd : vendor/qcom/proprietary/sensors-see/sscrpcd/src/sscrpcd.cpp:86:listener exits
04-24 06:29:23.170   591   591 I sscrpcd : vendor/qcom/proprietary/commonsys-intf/adsprpc/src/rpcmem_android.c:191: rpcmem_deinit_internal: closed ION fd 5
04-24 06:29:23.170   591   591 I sscrpcd : vendor/qcom/proprietary/commonsys-intf/adsprpc/src/fastrpc_pm.c:116: fastrpc_wake_lock_deinit done
04-24 06:29:23.170   591   591 I sscrpcd : vendor/qcom/proprietary/commonsys-intf/adsprpc/src/fastrpc_apps_user.c:2734: fastrpc_apps_user_deinit done
04-24 06:29:23.170   745   745 I derive_sdk: Read version 7 from 8
04-24 06:29:23.171   745   745 I derive_sdk: Read version 7 from 14
04-24 06:29:23.171   591   591 E sscrpcd : vendor/qcom/proprietary/sensors-see/sscrpcd/src/sscrpcd.cpp:97:sscrpcd daemon will restart after 25ms...
04-24 06:29:23.171   745   745 W derive_sdk: Found sdkinfo in unexpected apex com.android.devicelock
04-24 06:29:23.171   745   745 I derive_sdk: Read version 7 from 5
04-24 06:29:23.171   745   745 I derive_sdk: Read version 7 from 6
04-24 06:29:23.171   745   745 I derive_sdk: extension r version is 7
04-24 06:29:23.172   745   745 I derive_sdk: extension s version is 7
04-24 06:29:23.172   745   745 I derive_sdk: extension t version is 7
04-24 06:29:23.172   745   745 I derive_sdk: extension u version is 7
04-24 06:29:23.172   745   745 I derive_sdk: extension ad_services version is 7
--------- switch to system
04-24 06:29:23.186   559   559 D vold    : fscrypt_init_user0
04-24 06:29:23.186   559   559 D vold    : Preparing: /data/misc/vold/user_keys
04-24 06:29:23.189   559   559 D vold    : Preparing: /data/misc/vold/user_keys/ce
04-24 06:29:23.189   559   559 D vold    : Preparing: /data/misc/vold/user_keys/de
04-24 06:29:23.190   559   559 D vold    : Generating standard storage key
04-24 06:29:23.190   559   559 D vold    : Preparing: /data/misc/vold/user_keys/ce/0
04-24 06:29:23.191   559   559 D vold    : Installed fscrypt key with ref 4e1e696b7efe4e59a5eb692217dff2b9 to /data
04-24 06:29:23.191   559   559 D vold    : Added fscrypt-provisioning key for 4e1e696b7efe4e59a5eb692217dff2b9 to session keyring
04-24 06:29:23.191   559   559 I vold    : Created CE key for user 0
--------- switch to main
04-24 06:29:23.198   591   591 I sscrpcd : vendor/qcom/proprietary/commonsys-intf/adsprpc/src/rpcmem_android.c:158: rpcmem_init_internal: opened ION device fd 5, configured heap IDs: system (0x2000000), contig (0x400000), secure (0x200), secure flags (0x80080000)
04-24 06:29:23.198   591   591 I sscrpcd : vendor/qcom/proprietary/commonsys-intf/adsprpc/src/fastrpc_apps_user.c:2794: fastrpc_apps_user_init done
04-24 06:29:23.199   591   591 E sscrpcd : vendor/qcom/proprietary/sensors-see/sscrpcd/src/sscrpcd.cpp:82:adsp_default_listener_start called for [sensorspd]
04-24 06:29:23.199   591   591 I sscrpcd : vendor/qcom/proprietary/commonsys-intf/adsprpc/src/fastrpc_pm.c:85: fastrpc_wake_lock_init done for sscrpcd:591
04-24 06:29:23.199   591   591 I sscrpcd : vendor/qcom/proprietary/commonsys-intf/adsprpc/src/fastrpc_apps_user.c:1513: wakelock_control: enabled wakelock control for domain 0
