--------- beginning of main
04-24 06:29:22.112   544   544 W linker  : Warning: failed to find generated linker configuration from "/linkerconfig/ld.config.txt"
04-24 06:29:22.116   543   543 W linker  : Warning: failed to find generated linker configuration from "/linkerconfig/ld.config.txt"
04-24 06:29:22.128   542   542 I lowmemorykiller: Using psi monitors for memory pressure detection
04-24 06:29:22.129   542   542 I lowmemorykiller: Process polling is supported
--------- beginning of events
04-24 06:29:22.130   543   543 I snet_event_log: [121035042,-1,]
--------- switch to main
04-24 06:29:22.131   542   542 I lowmemorykiller: Process reaping is not supported
--------- switch to events
04-24 06:29:22.137   543   543 I auditd  : SELinux: Loaded service context from:
04-24 06:29:22.137   543   543 I auditd  : 		/system/etc/selinux/plat_service_contexts
04-24 06:29:22.137   543   543 I auditd  : 		/system_ext/etc/selinux/system_ext_service_contexts
04-24 06:29:22.137   543   543 I auditd  : 		/product/etc/selinux/product_service_contexts
04-24 06:29:22.137   543   543 I auditd  : 		/vendor/etc/selinux/vendor_service_contexts
04-24 06:29:22.147   545   545 I snet_event_log: [121035042,-1,]
--------- switch to main
04-24 06:29:22.151   544   544 I hwservicemanager: getFrameworkHalManifest: Reading VINTF information.
--------- switch to events
01-01 00:00:00.079   541   541 I auditd  : type=2000 audit(0.0:1): state=initialized audit_enabled=0 res=1
--------- switch to main
01-01 00:00:00.079   541   541 W auditd  : type=2000 audit(0.0:1): state=initialized audit_enabled=0 res=1
--------- switch to events
04-24 06:29:20.039   541   541 I auditd  : type=1403 audit(0.0:2): auid=4294967295 ses=4294967295 lsm=selinux res=1
--------- switch to main
04-24 06:29:20.039   541   541 W auditd  : type=1403 audit(0.0:2): auid=4294967295 ses=4294967295 lsm=selinux res=1
--------- switch to events
04-24 06:29:20.099     1     1 I auditd  : type=1107 audit(0.0:3): uid=0 auid=4294967295 ses=4294967295 subj=u:r:init:s0 msg='avc:  denied  { set } for property=audio.offload.gapless.enabled pid=1 uid=0 gid=0 scontext=u:r:vendor_init:s0 tcontext=u:object_r:default_prop:s0 tclass=property_service permissive=1'
--------- switch to main
04-24 06:29:20.099     1     1 I /system/bin/init: type=1107 audit(0.0:3): uid=0 auid=4294967295 ses=4294967295 subj=u:r:init:s0 msg='avc:  denied  { set } for property=audio.offload.gapless.enabled pid=1 uid=0 gid=0 scontext=u:r:vendor_init:s0 tcontext=u:object_r:default_prop:s0 tclass=property_service permissive=1'
--------- switch to events
04-24 06:29:20.099     1     1 I auditd  : type=1107 audit(0.0:4): uid=0 auid=4294967295 ses=4294967295 subj=u:r:init:s0 msg='avc:  denied  { set } for property=persist.audio.fluence.speaker pid=1 uid=0 gid=0 scontext=u:r:vendor_init:s0 tcontext=u:object_r:audio_prop:s0 tclass=property_service permissive=1'
--------- switch to main
04-24 06:29:20.099     1     1 I /system/bin/init: type=1107 audit(0.0:4): uid=0 auid=4294967295 ses=4294967295 subj=u:r:init:s0 msg='avc:  denied  { set } for property=persist.audio.fluence.speaker pid=1 uid=0 gid=0 scontext=u:r:vendor_init:s0 tcontext=u:object_r:audio_prop:s0 tclass=property_service permissive=1'
--------- switch to events
04-24 06:29:20.099     1     1 I auditd  : type=1107 audit(0.0:5): uid=0 auid=4294967295 ses=4294967295 subj=u:r:init:s0 msg='avc:  denied  { set } for property=config.disable_rtt pid=1 uid=0 gid=0 scontext=u:r:vendor_init:s0 tcontext=u:object_r:config_prop:s0 tclass=property_service permissive=1'
--------- switch to main
04-24 06:29:20.099     1     1 I /system/bin/init: type=1107 audit(0.0:5): uid=0 auid=4294967295 ses=4294967295 subj=u:r:init:s0 msg='avc:  denied  { set } for property=config.disable_rtt pid=1 uid=0 gid=0 scontext=u:r:vendor_init:s0 tcontext=u:object_r:config_prop:s0 tclass=property_service permissive=1'
--------- switch to events
04-24 06:29:20.099     1     1 I auditd  : type=1107 audit(0.0:6): uid=0 auid=4294967295 ses=4294967295 subj=u:r:init:s0 msg='avc:  denied  { set } for property=persist.debug.wfd.enable pid=1 uid=0 gid=0 scontext=u:r:vendor_init:s0 tcontext=u:object_r:persist_debug_prop:s0 tclass=property_service permissive=1'
--------- switch to main
04-24 06:29:20.099     1     1 I /system/bin/init: type=1107 audit(0.0:6): uid=0 auid=4294967295 ses=4294967295 subj=u:r:init:s0 msg='avc:  denied  { set } for property=persist.debug.wfd.enable pid=1 uid=0 gid=0 scontext=u:r:vendor_init:s0 tcontext=u:object_r:persist_debug_prop:s0 tclass=property_service permissive=1'
--------- switch to events
04-24 06:29:20.099     1     1 I auditd  : type=1107 audit(0.0:7): uid=0 auid=4294967295 ses=4294967295 subj=u:r:init:s0 msg='avc:  denied  { set } for property=vendor.mm.enable.qcom_parser pid=1 uid=0 gid=0 scontext=u:r:vendor_init:s0 tcontext=u:object_r:vendor_mm_parser_prop:s0 tclass=property_service permissive=1'
--------- switch to main
04-24 06:29:20.099     1     1 I /system/bin/init: type=1107 audit(0.0:7): uid=0 auid=4294967295 ses=4294967295 subj=u:r:init:s0 msg='avc:  denied  { set } for property=vendor.mm.enable.qcom_parser pid=1 uid=0 gid=0 scontext=u:r:vendor_init:s0 tcontext=u:object_r:vendor_mm_parser_prop:s0 tclass=property_service permissive=1'
--------- switch to events
04-24 06:29:20.099     1     1 I auditd  : type=1107 audit(0.0:8): uid=0 auid=4294967295 ses=4294967295 subj=u:r:init:s0 msg='avc:  denied  { set } for property=persist.vendor.console.silent.config pid=1 uid=0 gid=0 scontext=u:r:vendor_init:s0 tcontext=u:object_r:vendor_console_log_level_prop:s0 tclass=property_service permissive=1'
--------- switch to main
04-24 06:29:20.099     1     1 I /system/bin/init: type=1107 audit(0.0:8): uid=0 auid=4294967295 ses=4294967295 subj=u:r:init:s0 msg='avc:  denied  { set } for property=persist.vendor.console.silent.config pid=1 uid=0 gid=0 scontext=u:r:vendor_init:s0 tcontext=u:object_r:vendor_console_log_level_prop:s0 tclass=property_service permissive=1'
--------- switch to events
04-24 06:29:20.099     1     1 I auditd  : type=1107 audit(0.0:9): uid=0 auid=4294967295 ses=4294967295 subj=u:r:init:s0 msg='avc:  denied  { set } for property=ril.subscription.types pid=1 uid=0 gid=0 scontext=u:r:vendor_init:s0 tcontext=u:object_r:radio_prop:s0 tclass=property_service permissive=1'
--------- switch to main
04-24 06:29:20.099     1     1 I /system/bin/init: type=1107 audit(0.0:9): uid=0 auid=4294967295 ses=4294967295 subj=u:r:init:s0 msg='avc:  denied  { set } for property=ril.subscription.types pid=1 uid=0 gid=0 scontext=u:r:vendor_init:s0 tcontext=u:object_r:radio_prop:s0 tclass=property_service permissive=1'
--------- switch to events
04-24 06:29:20.099     1     1 I auditd  : type=1107 audit(0.0:10): uid=0 auid=4294967295 ses=4294967295 subj=u:r:init:s0 msg='avc:  denied  { set } for property=vendor.sys.thermal.data.path pid=1 uid=0 gid=0 scontext=u:r:vendor_init:s0 tcontext=u:object_r:vendor_thermal_normal_prop:s0 tclass=property_service permissive=1'
--------- switch to main
04-24 06:29:20.099     1     1 I /system/bin/init: type=1107 audit(0.0:10): uid=0 auid=4294967295 ses=4294967295 subj=u:r:init:s0 msg='avc:  denied  { set } for property=vendor.sys.thermal.data.path pid=1 uid=0 gid=0 scontext=u:r:vendor_init:s0 tcontext=u:object_r:vendor_thermal_normal_prop:s0 tclass=property_service permissive=1'
04-24 06:29:22.157   544   544 I hwservicemanager: getDeviceHalManifest: Reading VINTF information.
04-24 06:29:22.169   544   544 I hwservicemanager: getDeviceHalManifest: Successfully processed VINTF information
04-24 06:29:22.169   544   544 I hwservicemanager: getFrameworkHalManifest: Successfully processed VINTF information
04-24 06:29:22.170   544   544 I hwservicemanager: hwservicemanager is ready now.
04-24 06:29:22.263   556   556 D QSEECOMD: : qseecom listener services process entry PPID = 1
04-24 06:29:22.263   556   556 E QSEECOMD: : Listener: index = 0, hierarchy = 0
04-24 06:29:22.265   556   556 D QSEECOMD: : Init dlopen(librpmb.so, RTLD_NOW) succeeds
04-24 06:29:22.265   556   556 D QSEECOMD: : Init::Init dlsym(g_FSHandle rpmb_init_service) succeeds
04-24 06:29:22.266   556   556 E rpmb_ufs: Found an applicable RPMB lun and its index is 1
04-24 06:29:22.266   556   556 I rpmb_ufs: RPMB Mult (512-byte sector) = 32768, Rel_sec_cnt = 32
04-24 06:29:22.266   556   556 E DrmLibRpmb: rpmb_init succeeded! with ret = 0
04-24 06:29:22.266   556   556 D QSEECOMD: : Init rpmb_init_service ret = 0
04-24 06:29:22.266   556   556 D QSEECOMD: : RPMB system services: init (Listener ID = 8192)
04-24 06:29:22.266   556   556 E QSEECOMD: : Listener: index = 1, hierarchy = 0
04-24 06:29:22.267   556   556 D QSEECOMD: : Init dlopen(libssd.so, RTLD_NOW) succeeds
04-24 06:29:22.267   556   556 D QSEECOMD: : Init::Init dlsym(g_FSHandle ssd_init_service) succeeds
04-24 06:29:22.267   556   556 E SSD     : ssd_init_service succeeded!
04-24 06:29:22.267   556   556 D QSEECOMD: : Init ssd_init_service ret = 0
04-24 06:29:22.267   556   556 D QSEECOMD: : SSD system services: init (Listener ID = 12288)
04-24 06:29:22.267   556   556 D QSEECOMD: : qseecom listener service threads starting!!! 
04-24 06:29:22.267   556   556 D QSEECOMD: : Total listener services to start = 10
04-24 06:29:22.267   556   556 E QSEECOMD: : Listener: index = 0, hierarchy = 1
04-24 06:29:22.268   556   556 D QSEECOMD: : Init dlopen(librpmb.so, RTLD_NOW) succeeds
04-24 06:29:22.268   556   556 D QSEECOMD: : Init::Init dlsym(g_FSHandle rpmb_start) succeeds
04-24 06:29:22.268   556   556 D QSEECOMAPI: QSEECom_register_listener 8192 sb_length = 0x6400
04-24 06:29:22.270   556   556 D QSEECOMD: : Init rpmb_start ret = 0
04-24 06:29:22.270   556   556 D QSEECOMD: : RPMB system services: Started (Listener ID = 8192)
04-24 06:29:22.270   556   556 E QSEECOMD: : Listener: index = 1, hierarchy = 1
04-24 06:29:22.270   556   556 D QSEECOMD: : Init dlopen(libssd.so, RTLD_NOW) succeeds
04-24 06:29:22.270   556   556 D QSEECOMD: : Init::Init dlsym(g_FSHandle ssd_start) succeeds
04-24 06:29:22.270   556   556 D QSEECOMAPI: QSEECom_register_listener 12288 sb_length = 0x5000
04-24 06:29:22.272   556   556 D QSEECOMD: : Init ssd_start ret = 0
04-24 06:29:22.272   556   556 D QSEECOMD: : SSD system services: Started (Listener ID = 12288)
04-24 06:29:22.272   556   556 E QSEECOMD: : Listener: index = 2, hierarchy = 1
04-24 06:29:22.274   558   558 E cutils-trace: Error opening trace file: No such file or directory (2)
04-24 06:29:22.274   544   544 E cutils-trace: Error opening trace file: No such file or directory (2)
04-24 06:29:22.288   558   558 I HidlServiceManagement: Registered vendor.qti.hardware.qseecom@1.0::IQSEECom/default
04-24 06:29:22.289   558   558 I HidlServiceManagement: Removing namespace from process name vendor.qti.hardware.qseecom@1.0-service to qseecom@1.0-service.
04-24 06:29:22.289   556   556 D QSEECOMD: : Init dlopen(libsecureui.so, RTLD_NOW) succeeds
04-24 06:29:22.289   556   556 D QSEECOMD: : Init::Init dlsym(g_FSHandle secure_ui_start) succeeds
04-24 06:29:22.289   558   558 I QSEECOM_SERVICE: IQSEECom registerAsService is successful
04-24 06:29:22.289   556   556 D QSEECOMAPI: QSEECom_register_listener 16384 sb_length = 0x10a8
04-24 06:29:22.290   556   556 D QSEECOMD: : Init secure_ui_start ret = 0
04-24 06:29:22.290   556   556 D QSEECOMD: : secure UI services: Started (Listener ID = 16384)
04-24 06:29:22.290   556   556 E QSEECOMD: : Listener: index = 3, hierarchy = 1
04-24 06:29:22.291   556   556 D QSEECOMD: : Init dlopen(libdrmtime.so, RTLD_NOW) succeeds
04-24 06:29:22.291   556   556 D QSEECOMD: : Init::Init dlsym(g_FSHandle atime_start) succeeds
04-24 06:29:22.291   556   556 D DrmLibTime: QSEE Time Listener: atime_start
04-24 06:29:22.291   556   556 D QSEECOMAPI: QSEECom_register_listener 11 sb_length = 0x5000
04-24 06:29:22.292   556   556 D DrmLibTime: registering fs service to QSEECom is done!
04-24 06:29:22.292   556   556 D DrmLibTime: begin to create a thread!
04-24 06:29:22.293   556   556 D DrmLibTime: Creating a pthread in atime_start is done! return 0
04-24 06:29:22.293   556   556 D QSEECOMD: : Init atime_start ret = 0
04-24 06:29:22.293   556   556 D QSEECOMD: : time services: Started (Listener ID = 11)
04-24 06:29:22.293   556   556 E QSEECOMD: : Listener: index = 4, hierarchy = 1
04-24 06:29:22.293   556   556 D QSEECOMD: : Init dlopen(libdrmfs.so, RTLD_NOW) succeeds
04-24 06:29:22.293   556   556 D QSEECOMD: : Init::Init dlsym(g_FSHandle fs_start) succeeds
04-24 06:29:22.293   556   556 D QSEECOMAPI: QSEECom_register_listener 10 sb_length = 0x5000
04-24 06:29:22.293   556   568 D DrmLibTime: QSEE Time Listener: dispatch
04-24 06:29:22.293   556   568 D DrmLibTime: before calling ioctl to read the next time_cmd
04-24 06:29:22.298   556   556 D QSEECOMD: : Init fs_start ret = 0
04-24 06:29:22.298   556   556 D QSEECOMD: : file system services: Started (Listener ID = 10)
04-24 06:29:22.298   556   556 E QSEECOMD: : Listener: index = 5, hierarchy = 1
04-24 06:29:22.298   556   556 D QSEECOMD: : Init dlopen(libdrmfs.so, RTLD_NOW) succeeds
04-24 06:29:22.298   556   556 D QSEECOMD: : Init::Init dlsym(g_FSHandle gpfs_start) succeeds
04-24 06:29:22.305   556   556 E DrmLibFs: Error: Invalid config file
04-24 06:29:22.305   556   556 E DrmLibFs: Data path not parsed: Using default data path: /data/vendor/tzstorage/
04-24 06:29:22.305   556   556 E DrmLibFs: Persist path not parsed: Using default persist path: /mnt/vendor/persist/data/
04-24 06:29:22.305   556   556 D QSEECOMAPI: QSEECom_register_listener 28672 sb_length = 0x7e000
04-24 06:29:22.312   556   556 D QSEECOMD: : Init gpfs_start ret = 0
04-24 06:29:22.312   556   556 D QSEECOMD: : gpfile system services: Started (Listener ID = 28672)
04-24 06:29:22.312   556   556 E QSEECOMD: : Listener: index = 6, hierarchy = 1
04-24 06:29:22.314   556   556 D QSEECOMD: : Init dlopen(libqisl.so, RTLD_NOW) succeeds
04-24 06:29:22.314   556   556 D QSEECOMD: : Init::Init dlsym(g_FSHandle qisl_start) succeeds
--------- beginning of system
04-24 06:29:22.314   556   571 I QISL    : QSEE Interrupt Service Listener Thread is started
--------- switch to main
04-24 06:29:22.314   556   571 D QSEECOMAPI: QSEECom_register_listener 36864 sb_length = 0x1f4
--------- switch to system
04-24 06:29:22.315   556   571 I QISL    : QSEE Interrupt Service Listener was activated successfully
--------- switch to main
04-24 06:29:22.315   556   556 D QSEECOMD: : Init qisl_start ret = 0
04-24 06:29:22.315   556   556 D QSEECOMD: : interrupt services: Started (Listener ID = 36864)
04-24 06:29:22.315   556   556 E QSEECOMD: : Listener: index = 7, hierarchy = 1
04-24 06:29:22.315   556   556 E QSEECOMD: : Init dlopen(libspl.so, RLTD_NOW) is failed.... dlopen failed: library "libspl.so" not found
04-24 06:29:22.315   556   556 E QSEECOMD: : Listener: index = 8, hierarchy = 1
04-24 06:29:22.317   556   556 D QSEECOMD: : Init dlopen(libGPreqcancel.so, RTLD_NOW) succeeds
04-24 06:29:22.317   556   556 D QSEECOMD: : Init::Init dlsym(g_FSHandle gp_reqcancel_start) succeeds
04-24 06:29:22.317   556   556 D QSEECOMAPI: QSEECom_register_listener 4352 sb_length = 0x5000
04-24 06:29:22.318   556   556 D QSEECOMD: : Init gp_reqcancel_start ret = 0
04-24 06:29:22.318   556   556 D QSEECOMD: : gp request cancellation services: Started (Listener ID = 4352)
04-24 06:29:22.318   556   556 E QSEECOMD: : Listener: index = 9, hierarchy = 1
04-24 06:29:22.321   556   556 D QSEECOMD: : Init dlopen(libops.so, RTLD_NOW) succeeds
04-24 06:29:22.321   556   556 D QSEECOMD: : Init::Init dlsym(g_FSHandle ops_start) succeeds
04-24 06:29:22.321   556   556 D OPS_SERVICE: Entering ops_start!
04-24 06:29:22.321   556   556 D QSEECOMAPI: QSEECom_register_listener 49152 sb_length = 0x6400
04-24 06:29:22.322   556   556 D OPS_SERVICE: registering ops service to QSEECom is done!
04-24 06:29:22.322   556   556 D OPS_SERVICE: begin to create a thread!
04-24 06:29:22.322   556   556 D OPS_SERVICE: Creating a pthread in ops_start is done! return 0
04-24 06:29:22.322   556   556 D QSEECOMD: : Init ops_start ret = 0
04-24 06:29:22.322   556   556 D QSEECOMD: : output protection service listener: Started (Listener ID = 49152)
04-24 06:29:22.323   556   575 D OPS_SERVICE: OPS_SERVICE Dispatch starts! 
04-24 06:29:22.323   556   575 D OPS_SERVICE: before calling ioctl to read the next ops_cmd
04-24 06:29:22.323   556   556 D QSEECOMD: : QSEECOM DAEMON RUNNING 
--------- switch to system
04-24 06:29:22.330   559   559 I vold    : Vold 3.0 (the awakening) firing up
04-24 06:29:22.330   559   559 D vold    : Detected support for: ext4 f2fs vfat
04-24 06:29:22.335   559   559 I vold    : [libfs_mgr] dt_fstab: Skip disabled entry for partition vendor
04-24 06:29:22.336   559   559 W vold    : [libfs_mgr] Warning: unknown flag: data=journal
04-24 06:29:22.336   559   559 W vold    : [libfs_mgr] Warning: unknown flag: commit=1
04-24 06:29:22.338   559   559 D vold    : VoldNativeService::start() completed OK
04-24 06:29:22.355   559   582 I vold    : Found disk at /devices/platform/soc/4784000.sdhci/mmc_host/mmc0/mmc0:5048/block/mmcblk0 but delaying scan due to secure keyguard
--------- switch to main
04-24 06:29:22.378   557   557 D QSEECOMAPI: QSEECom_get_handle sb_length = 0xa000
04-24 06:29:22.378   557   557 D QSEECOMAPI: App is already loaded QSEE and app id = 1
04-24 06:29:22.380   557   557 E KeymasterUtils: TA API Major Version: 4
04-24 06:29:22.380   557   557 E KeymasterUtils: TA API Minor Version: 0
04-24 06:29:22.380   557   557 E KeymasterUtils: TA Major Version: 4
04-24 06:29:22.380   557   557 E KeymasterUtils: TA Minor Version: 546
04-24 06:29:22.384   557   557 E cutils-trace: Error opening trace file: No such file or directory (2)
04-24 06:29:22.385   557   557 I HidlServiceManagement: Registered android.hardware.keymaster@4.0::IKeymasterDevice/default
04-24 06:29:22.385   557   557 I HidlServiceManagement: Removing namespace from process name android.hardware.keymaster@4.0-service-qti to keymaster@4.0-service-qti.
04-24 06:29:22.462   588   588 E cutils-trace: Error opening trace file: No such file or directory (2)
04-24 06:29:22.468   591   591 E sscrpcd : vendor/qcom/proprietary/sensors-see/sscrpcd/src/sscrpcd.cpp:77:sscrpcd daemon starting
04-24 06:29:22.470   592   592 I fsverity_init: LoadKeyFromFile path=/system/etc/security/fsverity/fsverity-release.x509.der keyname=fsv_system_0
04-24 06:29:22.473   588   588 I HidlServiceManagement: Registered android.system.suspend@1.0::ISystemSuspend/default
04-24 06:29:22.473   588   588 I HidlServiceManagement: Removing namespace from process name android.system.suspend-service to suspend-service.
04-24 06:29:22.475   592   592 I fsverity_init: LoadKeyFromFile path=/product/etc/security/fsverity/gms_fsverity_cert.der keyname=fsv_product_0
04-24 06:29:22.476   591   591 I sscrpcd : vendor/qcom/proprietary/commonsys-intf/adsprpc/src/rpcmem_android.c:158: rpcmem_init_internal: opened ION device fd 5, configured heap IDs: system (0x2000000), contig (0x400000), secure (0x200), secure flags (0x80080000)
04-24 06:29:22.476   591   591 I sscrpcd : vendor/qcom/proprietary/commonsys-intf/adsprpc/src/fastrpc_apps_user.c:2794: fastrpc_apps_user_init done
04-24 06:29:22.476   591   591 E sscrpcd : vendor/qcom/proprietary/sensors-see/sscrpcd/src/sscrpcd.cpp:82:adsp_default_listener_start called for [sensorspd]
04-24 06:29:22.477   591   591 I sscrpcd : vendor/qcom/proprietary/commonsys-intf/adsprpc/src/fastrpc_pm.c:85: fastrpc_wake_lock_init done for sscrpcd:591
04-24 06:29:22.477   591   591 I sscrpcd : vendor/qcom/proprietary/commonsys-intf/adsprpc/src/fastrpc_apps_user.c:1513: wakelock_control: enabled wakelock control for domain 0
04-24 06:29:22.477   591   591 E sscrpcd : vendor/qcom/proprietary/sensors-see/sscrpcd/src/sscrpcd.cpp:60:fastrpc wakelock control is enabled
04-24 06:29:22.477   591   591 I sscrpcd : vendor/qcom/proprietary/commonsys-intf/adsprpc/src/fastrpc_apps_user.c:1203: remote_handle_open: Successfully opened handle 0x0 for '":;./\createstaticpd:sensorspd on domain 0
04-24 06:29:22.477   591   591 E sscrpcd : vendor/qcom/proprietary/commonsys-intf/adsprpc/src/fastrpc_apps_user.c:2588: Error 0x200: apps_dev_init failed for domain 0, errno Transport endpoint is not connected
04-24 06:29:22.477   591   591 E sscrpcd : vendor/qcom/proprietary/commonsys-intf/adsprpc/src/fastrpc_apps_user.c:2686: Error 0x200: open_dev (-1) failed for domain 0 (errno Transport endpoint is not connected)
04-24 06:29:22.477   591   591 W sscrpcd : vendor/qcom/proprietary/commonsys-intf/adsprpc/src/fastrpc_apps_user.c:1441:Warning 0xe: remote_get_info failed to get attribute 257 for domain 0 (errno Success)
04-24 06:29:22.477   591   591 E sscrpcd : vendor/qcom/proprietary/commonsys-intf/adsprpc/src/fastrpc_apps_user.c:1206: Error 0x200: remote_handle_open failed for adsp_default_listener (errno Success)
04-24 06:29:22.477   591   591 E sscrpcd : vendor/qcom/proprietary/sensors-see/sscrpcd/src/sscrpcd.cpp:86:listener exits
04-24 06:29:22.477   591   591 I sscrpcd : vendor/qcom/proprietary/commonsys-intf/adsprpc/src/rpcmem_android.c:191: rpcmem_deinit_internal: closed ION fd 5
04-24 06:29:22.477   591   591 I sscrpcd : vendor/qcom/proprietary/commonsys-intf/adsprpc/src/fastrpc_pm.c:116: fastrpc_wake_lock_deinit done
04-24 06:29:22.477   591   591 I sscrpcd : vendor/qcom/proprietary/commonsys-intf/adsprpc/src/fastrpc_apps_user.c:2734: fastrpc_apps_user_deinit done
04-24 06:29:22.478   591   591 E sscrpcd : vendor/qcom/proprietary/sensors-see/sscrpcd/src/sscrpcd.cpp:97:sscrpcd daemon will restart after 25ms...
04-24 06:29:22.482   590   590 E cutils-trace: Error opening trace file: No such file or directory (2)
04-24 06:29:22.484   592   592 I fsverity_init: LoadKeyFromFile path=/product/etc/security/fsverity/play_store_fsi_cert.der keyname=fsv_product_1
04-24 06:29:22.486   590   590 D QSEECOMAPI: QSEECom_get_handle sb_length = 0xa000
04-24 06:29:22.487   590   590 D QSEECOMAPI: App is already loaded QSEE and app id = 1
04-24 06:29:22.489   590   590 E KeymasterUtils: TA API Major Version: 4
04-24 06:29:22.489   590   590 E KeymasterUtils: TA API Minor Version: 0
04-24 06:29:22.489   590   590 E KeymasterUtils: TA Major Version: 4
04-24 06:29:22.489   590   590 E KeymasterUtils: TA Minor Version: 546
04-24 06:29:22.501   590   590 I HidlServiceManagement: Registered android.hardware.gatekeeper@1.0::IGatekeeper/default
04-24 06:29:22.501   590   590 I HidlServiceManagement: Removing namespace from process name android.hardware.gatekeeper@1.0-service-qti to gatekeeper@1.0-service-qti.
04-24 06:29:22.501   590   590 I LegacySupport: Registration complete for android.hardware.gatekeeper@1.0::IGatekeeper/default.
--------- switch to system
04-24 06:29:22.501   559   559 I vold    : AIDL IBootControl not available, falling back to HIDL.
--------- switch to main
04-24 06:29:22.502   544   544 I hwservicemanager: getTransport: Cannot find entry android.hardware.boot@1.0::IBootControl/default in either framework or device VINTF manifest.
--------- switch to system
04-24 06:29:22.502   559   559 E vold    : Error getting bootctrl v1.0 module.
--------- switch to events
04-24 06:29:22.499     1     1 I auditd  : type=1400 audit(0.0:13): avc:  denied  { write } for  comm="init" name="read_ahead_kb" dev="sysfs" ino=44154 scontext=u:r:init:s0 tcontext=u:object_r:sysfs:s0 tclass=file permissive=1
--------- switch to main
04-24 06:29:22.499     1     1 I init    : type=1400 audit(0.0:13): avc:  denied  { write } for  name="read_ahead_kb" dev="sysfs" ino=44154 scontext=u:r:init:s0 tcontext=u:object_r:sysfs:s0 tclass=file permissive=1
--------- switch to events
04-24 06:29:22.503     1     1 I auditd  : type=1400 audit(0.0:14): avc:  denied  { open } for  comm="init" path="/sys/devices/platform/soc/4804000.ufshc/host0/target0:0:0/0:0:0:0/block/sda/queue/read_ahead_kb" dev="sysfs" ino=44154 scontext=u:r:init:s0 tcontext=u:object_r:sysfs:s0 tclass=file permissive=1
--------- switch to main
04-24 06:29:22.503     1     1 I init    : type=1400 audit(0.0:14): avc:  denied  { open } for  path="/sys/devices/platform/soc/4804000.ufshc/host0/target0:0:0/0:0:0:0/block/sda/queue/read_ahead_kb" dev="sysfs" ino=44154 scontext=u:r:init:s0 tcontext=u:object_r:sysfs:s0 tclass=file permissive=1
04-24 06:29:22.506   591   591 I sscrpcd : vendor/qcom/proprietary/commonsys-intf/adsprpc/src/rpcmem_android.c:158: rpcmem_init_internal: opened ION device fd 5, configured heap IDs: system (0x2000000), contig (0x400000), secure (0x200), secure flags (0x80080000)
04-24 06:29:22.506   591   591 I sscrpcd : vendor/qcom/proprietary/commonsys-intf/adsprpc/src/fastrpc_apps_user.c:2794: fastrpc_apps_user_init done
04-24 06:29:22.506   591   591 E sscrpcd : vendor/qcom/proprietary/sensors-see/sscrpcd/src/sscrpcd.cpp:82:adsp_default_listener_start called for [sensorspd]
04-24 06:29:22.506   591   591 I sscrpcd : vendor/qcom/proprietary/commonsys-intf/adsprpc/src/fastrpc_pm.c:85: fastrpc_wake_lock_init done for sscrpcd:591
04-24 06:29:22.506   591   591 I sscrpcd : vendor/qcom/proprietary/commonsys-intf/adsprpc/src/fastrpc_apps_user.c:1513: wakelock_control: enabled wakelock control for domain 0
04-24 06:29:22.506   591   591 E sscrpcd : vendor/qcom/proprietary/sensors-see/sscrpcd/src/sscrpcd.cpp:60:fastrpc wakelock control is enabled
04-24 06:29:22.506   591   591 I sscrpcd : vendor/qcom/proprietary/commonsys-intf/adsprpc/src/fastrpc_apps_user.c:1203: remote_handle_open: Successfully opened handle 0x0 for '":;./\createstaticpd:sensorspd on domain 0
04-24 06:29:22.507   591   591 E sscrpcd : vendor/qcom/proprietary/commonsys-intf/adsprpc/src/fastrpc_apps_user.c:2588: Error 0x200: apps_dev_init failed for domain 0, errno Transport endpoint is not connected
04-24 06:29:22.507   591   591 E sscrpcd : vendor/qcom/proprietary/commonsys-intf/adsprpc/src/fastrpc_apps_user.c:2686: Error 0x200: open_dev (-1) failed for domain 0 (errno Transport endpoint is not connected)
04-24 06:29:22.507   591   591 W sscrpcd : vendor/qcom/proprietary/commonsys-intf/adsprpc/src/fastrpc_apps_user.c:1441:Warning 0xe: remote_get_info failed to get attribute 257 for domain 0 (errno Success)
04-24 06:29:22.507   591   591 E sscrpcd : vendor/qcom/proprietary/commonsys-intf/adsprpc/src/fastrpc_apps_user.c:1206: Error 0x200: remote_handle_open failed for adsp_default_listener (errno Success)
04-24 06:29:22.507   591   591 E sscrpcd : vendor/qcom/proprietary/sensors-see/sscrpcd/src/sscrpcd.cpp:86:listener exits
04-24 06:29:22.507   591   591 I sscrpcd : vendor/qcom/proprietary/commonsys-intf/adsprpc/src/rpcmem_android.c:191: rpcmem_deinit_internal: closed ION fd 5
04-24 06:29:22.507   591   591 I sscrpcd : vendor/qcom/proprietary/commonsys-intf/adsprpc/src/fastrpc_pm.c:116: fastrpc_wake_lock_deinit done
04-24 06:29:22.507   591   591 I sscrpcd : vendor/qcom/proprietary/commonsys-intf/adsprpc/src/fastrpc_apps_user.c:2734: fastrpc_apps_user_deinit done
04-24 06:29:22.507   591   591 E sscrpcd : vendor/qcom/proprietary/sensors-see/sscrpcd/src/sscrpcd.cpp:97:sscrpcd daemon will restart after 25ms...
--------- switch to system
04-24 06:29:22.517   559   559 D vold    : fscrypt_mount_metadata_encrypted: /data encrypt: 0 format: 0 with null block device: /dev/block/bootdevice/by-name/userdata and zoned device: 
04-24 06:29:22.517   559   559 D vold    : metadata_key_dir/key: /metadata/vold/metadata_encryption/key
04-24 06:29:22.518   559   559 D vold    : Key exists, using: /metadata/vold/metadata_encryption/key
04-24 06:29:22.534   589   589 I keystore2: system/security/keystore2/src/keystore2_main.rs:61 - Keystore2 is starting.
04-24 06:29:22.535   589   589 I keystore2: system/security/keystore2/src/keystore2_main.rs:67 - Setting up sqlite logging for keystore2
--------- switch to main
04-24 06:29:22.536   591   591 I sscrpcd : vendor/qcom/proprietary/commonsys-intf/adsprpc/src/rpcmem_android.c:158: rpcmem_init_internal: opened ION device fd 5, configured heap IDs: system (0x2000000), contig (0x400000), secure (0x200), secure flags (0x80080000)
04-24 06:29:22.536   591   591 I sscrpcd : vendor/qcom/proprietary/commonsys-intf/adsprpc/src/fastrpc_apps_user.c:2794: fastrpc_apps_user_init done
04-24 06:29:22.536   591   591 E sscrpcd : vendor/qcom/proprietary/sensors-see/sscrpcd/src/sscrpcd.cpp:82:adsp_default_listener_start called for [sensorspd]
04-24 06:29:22.536   591   591 I sscrpcd : vendor/qcom/proprietary/commonsys-intf/adsprpc/src/fastrpc_pm.c:85: fastrpc_wake_lock_init done for sscrpcd:591
04-24 06:29:22.536   591   591 I sscrpcd : vendor/qcom/proprietary/commonsys-intf/adsprpc/src/fastrpc_apps_user.c:1513: wakelock_control: enabled wakelock control for domain 0
04-24 06:29:22.536   591   591 E sscrpcd : vendor/qcom/proprietary/sensors-see/sscrpcd/src/sscrpcd.cpp:60:fastrpc wakelock control is enabled
04-24 06:29:22.536   591   591 I sscrpcd : vendor/qcom/proprietary/commonsys-intf/adsprpc/src/fastrpc_apps_user.c:1203: remote_handle_open: Successfully opened handle 0x0 for '":;./\createstaticpd:sensorspd on domain 0
04-24 06:29:22.536   591   591 E sscrpcd : vendor/qcom/proprietary/commonsys-intf/adsprpc/src/fastrpc_apps_user.c:2588: Error 0x200: apps_dev_init failed for domain 0, errno Transport endpoint is not connected
04-24 06:29:22.536   591   591 E sscrpcd : vendor/qcom/proprietary/commonsys-intf/adsprpc/src/fastrpc_apps_user.c:2686: Error 0x200: open_dev (-1) failed for domain 0 (errno Transport endpoint is not connected)
04-24 06:29:22.536   591   591 W sscrpcd : vendor/qcom/proprietary/commonsys-intf/adsprpc/src/fastrpc_apps_user.c:1441:Warning 0xe: remote_get_info failed to get attribute 257 for domain 0 (errno Success)
04-24 06:29:22.536   591   591 E sscrpcd : vendor/qcom/proprietary/commonsys-intf/adsprpc/src/fastrpc_apps_user.c:1206: Error 0x200: remote_handle_open failed for adsp_default_listener (errno Success)
04-24 06:29:22.536   591   591 E sscrpcd : vendor/qcom/proprietary/sensors-see/sscrpcd/src/sscrpcd.cpp:86:listener exits
04-24 06:29:22.536   591   591 I sscrpcd : vendor/qcom/proprietary/commonsys-intf/adsprpc/src/rpcmem_android.c:191: rpcmem_deinit_internal: closed ION fd 5
04-24 06:29:22.536   591   591 I sscrpcd : vendor/qcom/proprietary/commonsys-intf/adsprpc/src/fastrpc_pm.c:116: fastrpc_wake_lock_deinit done
04-24 06:29:22.536   591   591 I sscrpcd : vendor/qcom/proprietary/commonsys-intf/adsprpc/src/fastrpc_apps_user.c:2734: fastrpc_apps_user_deinit done
04-24 06:29:22.537   591   591 E sscrpcd : vendor/qcom/proprietary/sensors-see/sscrpcd/src/sscrpcd.cpp:97:sscrpcd daemon will restart after 25ms...
--------- switch to system
04-24 06:29:22.538   589   589 W keystore2: system/security/keystore2/src/metrics_store.rs:577 - In update_keystore_crash_sysprop: Failed to read the existing system property due to: system/security/keystore2/src/metrics_store.rs:608: Property not set..Therefore, keystore crashes will not be logged.
04-24 06:29:22.540   589   589 I keystore2: system/security/keystore2/src/keystore2_main.rs:97 - Starting thread pool now.
--------- switch to main
04-24 06:29:22.540   589   598 E cutils-trace: Error opening trace file: No such file or directory (2)
04-24 06:29:22.541   589   598 I keystore2: getDeviceHalManifest: Reading VINTF information.
04-24 06:29:22.542   589   589 I keystore2: found android.hardware.keymaster@4.0::IKeymasterDevice with interface name default and seclevel TRUSTED_ENVIRONMENT
--------- switch to system
04-24 06:29:22.544   589   589 I keystore2: system/security/keystore2/src/globals.rs:286 - Add emulation wrapper around Keymaster device for security level: r#TRUSTED_ENVIRONMENT
--------- switch to main
04-24 06:29:22.548   589   598 I keystore2: getDeviceHalManifest: Successfully processed VINTF information
04-24 06:29:22.548   589   600 I SELinux : SELinux: Loaded keystore2 context from:
--------- switch to events
04-24 06:29:22.548   589   600 I auditd  : SELinux: Loaded keystore2 context from:
--------- switch to main
04-24 06:29:22.548   589   600 I SELinux : 		/system/etc/selinux/plat_keystore2_key_contexts
--------- switch to events
04-24 06:29:22.548   589   600 I auditd  : 		/system/etc/selinux/plat_keystore2_key_contexts
--------- switch to system
04-24 06:29:22.548   589   589 I keystore2: system/security/keystore2/src/keystore2_main.rs:152 - Successfully registered Keystore 2.0 service.
04-24 06:29:22.548   589   589 I keystore2: system/security/keystore2/src/keystore2_main.rs:154 - Joining thread pool now.
04-24 06:29:22.564   589   598 I keystore2: system/security/keystore2/src/shared_secret_negotiation.rs:47 - Shared secret negotiation concluded successfully.
--------- switch to main
04-24 06:29:22.565   591   591 I sscrpcd : vendor/qcom/proprietary/commonsys-intf/adsprpc/src/rpcmem_android.c:158: rpcmem_init_internal: opened ION device fd 5, configured heap IDs: system (0x2000000), contig (0x400000), secure (0x200), secure flags (0x80080000)
04-24 06:29:22.565   591   591 I sscrpcd : vendor/qcom/proprietary/commonsys-intf/adsprpc/src/fastrpc_apps_user.c:2794: fastrpc_apps_user_init done
04-24 06:29:22.565   591   591 E sscrpcd : vendor/qcom/proprietary/sensors-see/sscrpcd/src/sscrpcd.cpp:82:adsp_default_listener_start called for [sensorspd]
04-24 06:29:22.565   591   591 I sscrpcd : vendor/qcom/proprietary/commonsys-intf/adsprpc/src/fastrpc_pm.c:85: fastrpc_wake_lock_init done for sscrpcd:591
04-24 06:29:22.565   591   591 I sscrpcd : vendor/qcom/proprietary/commonsys-intf/adsprpc/src/fastrpc_apps_user.c:1513: wakelock_control: enabled wakelock control for domain 0
04-24 06:29:22.565   591   591 E sscrpcd : vendor/qcom/proprietary/sensors-see/sscrpcd/src/sscrpcd.cpp:60:fastrpc wakelock control is enabled
04-24 06:29:22.565   591   591 I sscrpcd : vendor/qcom/proprietary/commonsys-intf/adsprpc/src/fastrpc_apps_user.c:1203: remote_handle_open: Successfully opened handle 0x0 for '":;./\createstaticpd:sensorspd on domain 0
04-24 06:29:22.565   591   591 E sscrpcd : vendor/qcom/proprietary/commonsys-intf/adsprpc/src/fastrpc_apps_user.c:2588: Error 0x200: apps_dev_init failed for domain 0, errno Transport endpoint is not connected
04-24 06:29:22.565   591   591 E sscrpcd : vendor/qcom/proprietary/commonsys-intf/adsprpc/src/fastrpc_apps_user.c:2686: Error 0x200: open_dev (-1) failed for domain 0 (errno Transport endpoint is not connected)
04-24 06:29:22.565   591   591 W sscrpcd : vendor/qcom/proprietary/commonsys-intf/adsprpc/src/fastrpc_apps_user.c:1441:Warning 0xe: remote_get_info failed to get attribute 257 for domain 0 (errno Success)
04-24 06:29:22.565   591   591 E sscrpcd : vendor/qcom/proprietary/commonsys-intf/adsprpc/src/fastrpc_apps_user.c:1206: Error 0x200: remote_handle_open failed for adsp_default_listener (errno Success)
04-24 06:29:22.565   591   591 E sscrpcd : vendor/qcom/proprietary/sensors-see/sscrpcd/src/sscrpcd.cpp:86:listener exits
04-24 06:29:22.566   591   591 I sscrpcd : vendor/qcom/proprietary/commonsys-intf/adsprpc/src/rpcmem_android.c:191: rpcmem_deinit_internal: closed ION fd 5
04-24 06:29:22.566   591   591 I sscrpcd : vendor/qcom/proprietary/commonsys-intf/adsprpc/src/fastrpc_pm.c:116: fastrpc_wake_lock_deinit done
04-24 06:29:22.566   591   591 I sscrpcd : vendor/qcom/proprietary/commonsys-intf/adsprpc/src/fastrpc_apps_user.c:2734: fastrpc_apps_user_deinit done
04-24 06:29:22.566   591   591 E sscrpcd : vendor/qcom/proprietary/sensors-see/sscrpcd/src/sscrpcd.cpp:97:sscrpcd daemon will restart after 25ms...
--------- switch to system
04-24 06:29:22.567   589   598 I keystore2: system/security/keystore2/src/shared_secret_negotiation.rs:294 - No StrongBox Keymint available, so no RoT transfer
04-24 06:29:22.585   559   559 D vold    : Mounting metadata-encrypted filesystem:/data
04-24 06:29:22.586   559   559 I vold    : [libfs_mgr] Set readahead_kb: 128 on /sys/class/block/dm-36/queue/read_ahead_kb
04-24 06:29:22.586   559   559 I vold    : [libfs_mgr] Set readahead_kb: 128 on /sys/class/block/sda11/../queue/read_ahead_kb
04-24 06:29:22.588   559   559 I vold    : [libfs_mgr] Running /system/bin/fsck.f2fs -a -c 10000 --debug-cache /dev/block/dm-36
--------- switch to main
04-24 06:29:22.594   591   591 I sscrpcd : vendor/qcom/proprietary/commonsys-intf/adsprpc/src/rpcmem_android.c:158: rpcmem_init_internal: opened ION device fd 5, configured heap IDs: system (0x2000000), contig (0x400000), secure (0x200), secure flags (0x80080000)
04-24 06:29:22.594   591   591 I sscrpcd : vendor/qcom/proprietary/commonsys-intf/adsprpc/src/fastrpc_apps_user.c:2794: fastrpc_apps_user_init done
04-24 06:29:22.595   591   591 E sscrpcd : vendor/qcom/proprietary/sensors-see/sscrpcd/src/sscrpcd.cpp:82:adsp_default_listener_start called for [sensorspd]
04-24 06:29:22.595   591   591 I sscrpcd : vendor/qcom/proprietary/commonsys-intf/adsprpc/src/fastrpc_pm.c:85: fastrpc_wake_lock_init done for sscrpcd:591
04-24 06:29:22.595   591   591 I sscrpcd : vendor/qcom/proprietary/commonsys-intf/adsprpc/src/fastrpc_apps_user.c:1513: wakelock_control: enabled wakelock control for domain 0
04-24 06:29:22.595   591   591 E sscrpcd : vendor/qcom/proprietary/sensors-see/sscrpcd/src/sscrpcd.cpp:60:fastrpc wakelock control is enabled
04-24 06:29:22.595   591   591 I sscrpcd : vendor/qcom/proprietary/commonsys-intf/adsprpc/src/fastrpc_apps_user.c:1203: remote_handle_open: Successfully opened handle 0x0 for '":;./\createstaticpd:sensorspd on domain 0
04-24 06:29:22.595   591   591 E sscrpcd : vendor/qcom/proprietary/commonsys-intf/adsprpc/src/fastrpc_apps_user.c:2588: Error 0x200: apps_dev_init failed for domain 0, errno Transport endpoint is not connected
04-24 06:29:22.595   591   591 E sscrpcd : vendor/qcom/proprietary/commonsys-intf/adsprpc/src/fastrpc_apps_user.c:2686: Error 0x200: open_dev (-1) failed for domain 0 (errno Transport endpoint is not connected)
04-24 06:29:22.595   591   591 W sscrpcd : vendor/qcom/proprietary/commonsys-intf/adsprpc/src/fastrpc_apps_user.c:1441:Warning 0xe: remote_get_info failed to get attribute 257 for domain 0 (errno Success)
04-24 06:29:22.595   591   591 E sscrpcd : vendor/qcom/proprietary/commonsys-intf/adsprpc/src/fastrpc_apps_user.c:1206: Error 0x200: remote_handle_open failed for adsp_default_listener (errno Success)
04-24 06:29:22.595   591   591 E sscrpcd : vendor/qcom/proprietary/sensors-see/sscrpcd/src/sscrpcd.cpp:86:listener exits
04-24 06:29:22.595   591   591 I sscrpcd : vendor/qcom/proprietary/commonsys-intf/adsprpc/src/rpcmem_android.c:191: rpcmem_deinit_internal: closed ION fd 5
04-24 06:29:22.595   591   591 I sscrpcd : vendor/qcom/proprietary/commonsys-intf/adsprpc/src/fastrpc_pm.c:116: fastrpc_wake_lock_deinit done
04-24 06:29:22.595   591   591 I sscrpcd : vendor/qcom/proprietary/commonsys-intf/adsprpc/src/fastrpc_apps_user.c:2734: fastrpc_apps_user_deinit done
04-24 06:29:22.596   591   591 E sscrpcd : vendor/qcom/proprietary/sensors-see/sscrpcd/src/sscrpcd.cpp:97:sscrpcd daemon will restart after 25ms...
04-24 06:29:22.624   591   591 I sscrpcd : vendor/qcom/proprietary/commonsys-intf/adsprpc/src/rpcmem_android.c:158: rpcmem_init_internal: opened ION device fd 5, configured heap IDs: system (0x2000000), contig (0x400000), secure (0x200), secure flags (0x80080000)
04-24 06:29:22.624   591   591 I sscrpcd : vendor/qcom/proprietary/commonsys-intf/adsprpc/src/fastrpc_apps_user.c:2794: fastrpc_apps_user_init done
04-24 06:29:22.624   591   591 E sscrpcd : vendor/qcom/proprietary/sensors-see/sscrpcd/src/sscrpcd.cpp:82:adsp_default_listener_start called for [sensorspd]
04-24 06:29:22.624   591   591 I sscrpcd : vendor/qcom/proprietary/commonsys-intf/adsprpc/src/fastrpc_pm.c:85: fastrpc_wake_lock_init done for sscrpcd:591
04-24 06:29:22.624   591   591 I sscrpcd : vendor/qcom/proprietary/commonsys-intf/adsprpc/src/fastrpc_apps_user.c:1513: wakelock_control: enabled wakelock control for domain 0
04-24 06:29:22.624   591   591 E sscrpcd : vendor/qcom/proprietary/sensors-see/sscrpcd/src/sscrpcd.cpp:60:fastrpc wakelock control is enabled
04-24 06:29:22.624   591   591 I sscrpcd : vendor/qcom/proprietary/commonsys-intf/adsprpc/src/fastrpc_apps_user.c:1203: remote_handle_open: Successfully opened handle 0x0 for '":;./\createstaticpd:sensorspd on domain 0
04-24 06:29:22.624   591   591 E sscrpcd : vendor/qcom/proprietary/commonsys-intf/adsprpc/src/fastrpc_apps_user.c:2588: Error 0x200: apps_dev_init failed for domain 0, errno Transport endpoint is not connected
04-24 06:29:22.624   591   591 E sscrpcd : vendor/qcom/proprietary/commonsys-intf/adsprpc/src/fastrpc_apps_user.c:2686: Error 0x200: open_dev (-1) failed for domain 0 (errno Transport endpoint is not connected)
04-24 06:29:22.624   591   591 W sscrpcd : vendor/qcom/proprietary/commonsys-intf/adsprpc/src/fastrpc_apps_user.c:1441:Warning 0xe: remote_get_info failed to get attribute 257 for domain 0 (errno Success)
04-24 06:29:22.624   591   591 E sscrpcd : vendor/qcom/proprietary/commonsys-intf/adsprpc/src/fastrpc_apps_user.c:1206: Error 0x200: remote_handle_open failed for adsp_default_listener (errno Success)
04-24 06:29:22.624   591   591 E sscrpcd : vendor/qcom/proprietary/sensors-see/sscrpcd/src/sscrpcd.cpp:86:listener exits
04-24 06:29:22.625   591   591 I sscrpcd : vendor/qcom/proprietary/commonsys-intf/adsprpc/src/rpcmem_android.c:191: rpcmem_deinit_internal: closed ION fd 5
04-24 06:29:22.625   591   591 I sscrpcd : vendor/qcom/proprietary/commonsys-intf/adsprpc/src/fastrpc_pm.c:116: fastrpc_wake_lock_deinit done
04-24 06:29:22.625   591   591 I sscrpcd : vendor/qcom/proprietary/commonsys-intf/adsprpc/src/fastrpc_apps_user.c:2734: fastrpc_apps_user_deinit done
04-24 06:29:22.625   591   591 E sscrpcd : vendor/qcom/proprietary/sensors-see/sscrpcd/src/sscrpcd.cpp:97:sscrpcd daemon will restart after 25ms...
04-24 06:29:22.653   591   591 I sscrpcd : vendor/qcom/proprietary/commonsys-intf/adsprpc/src/rpcmem_android.c:158: rpcmem_init_internal: opened ION device fd 5, configured heap IDs: system (0x2000000), contig (0x400000), secure (0x200), secure flags (0x80080000)
04-24 06:29:22.653   591   591 I sscrpcd : vendor/qcom/proprietary/commonsys-intf/adsprpc/src/fastrpc_apps_user.c:2794: fastrpc_apps_user_init done
04-24 06:29:22.654   591   591 E sscrpcd : vendor/qcom/proprietary/sensors-see/sscrpcd/src/sscrpcd.cpp:82:adsp_default_listener_start called for [sensorspd]
04-24 06:29:22.654   591   591 I sscrpcd : vendor/qcom/proprietary/commonsys-intf/adsprpc/src/fastrpc_pm.c:85: fastrpc_wake_lock_init done for sscrpcd:591
04-24 06:29:22.654   591   591 I sscrpcd : vendor/qcom/proprietary/commonsys-intf/adsprpc/src/fastrpc_apps_user.c:1513: wakelock_control: enabled wakelock control for domain 0
04-24 06:29:22.654   591   591 E sscrpcd : vendor/qcom/proprietary/sensors-see/sscrpcd/src/sscrpcd.cpp:60:fastrpc wakelock control is enabled
04-24 06:29:22.654   591   591 I sscrpcd : vendor/qcom/proprietary/commonsys-intf/adsprpc/src/fastrpc_apps_user.c:1203: remote_handle_open: Successfully opened handle 0x0 for '":;./\createstaticpd:sensorspd on domain 0
04-24 06:29:22.654   591   591 E sscrpcd : vendor/qcom/proprietary/commonsys-intf/adsprpc/src/fastrpc_apps_user.c:2588: Error 0x200: apps_dev_init failed for domain 0, errno Transport endpoint is not connected
04-24 06:29:22.654   591   591 E sscrpcd : vendor/qcom/proprietary/commonsys-intf/adsprpc/src/fastrpc_apps_user.c:2686: Error 0x200: open_dev (-1) failed for domain 0 (errno Transport endpoint is not connected)
04-24 06:29:22.654   591   591 W sscrpcd : vendor/qcom/proprietary/commonsys-intf/adsprpc/src/fastrpc_apps_user.c:1441:Warning 0xe: remote_get_info failed to get attribute 257 for domain 0 (errno Success)
04-24 06:29:22.654   591   591 E sscrpcd : vendor/qcom/proprietary/commonsys-intf/adsprpc/src/fastrpc_apps_user.c:1206: Error 0x200: remote_handle_open failed for adsp_default_listener (errno Success)
04-24 06:29:22.654   591   591 E sscrpcd : vendor/qcom/proprietary/sensors-see/sscrpcd/src/sscrpcd.cpp:86:listener exits
04-24 06:29:22.654   591   591 I sscrpcd : vendor/qcom/proprietary/commonsys-intf/adsprpc/src/rpcmem_android.c:191: rpcmem_deinit_internal: closed ION fd 5
04-24 06:29:22.654   591   591 I sscrpcd : vendor/qcom/proprietary/commonsys-intf/adsprpc/src/fastrpc_pm.c:116: fastrpc_wake_lock_deinit done
04-24 06:29:22.654   591   591 I sscrpcd : vendor/qcom/proprietary/commonsys-intf/adsprpc/src/fastrpc_apps_user.c:2734: fastrpc_apps_user_deinit done
04-24 06:29:22.655   591   591 E sscrpcd : vendor/qcom/proprietary/sensors-see/sscrpcd/src/sscrpcd.cpp:97:sscrpcd daemon will restart after 25ms...
04-24 06:29:22.683   591   591 I sscrpcd : vendor/qcom/proprietary/commonsys-intf/adsprpc/src/rpcmem_android.c:158: rpcmem_init_internal: opened ION device fd 5, configured heap IDs: system (0x2000000), contig (0x400000), secure (0x200), secure flags (0x80080000)
04-24 06:29:22.683   591   591 I sscrpcd : vendor/qcom/proprietary/commonsys-intf/adsprpc/src/fastrpc_apps_user.c:2794: fastrpc_apps_user_init done
04-24 06:29:22.683   591   591 E sscrpcd : vendor/qcom/proprietary/sensors-see/sscrpcd/src/sscrpcd.cpp:82:adsp_default_listener_start called for [sensorspd]
04-24 06:29:22.683   591   591 I sscrpcd : vendor/qcom/proprietary/commonsys-intf/adsprpc/src/fastrpc_pm.c:85: fastrpc_wake_lock_init done for sscrpcd:591
04-24 06:29:22.683   591   591 I sscrpcd : vendor/qcom/proprietary/commonsys-intf/adsprpc/src/fastrpc_apps_user.c:1513: wakelock_control: enabled wakelock control for domain 0
04-24 06:29:22.683   591   591 E sscrpcd : vendor/qcom/proprietary/sensors-see/sscrpcd/src/sscrpcd.cpp:60:fastrpc wakelock control is enabled
04-24 06:29:22.683   591   591 I sscrpcd : vendor/qcom/proprietary/commonsys-intf/adsprpc/src/fastrpc_apps_user.c:1203: remote_handle_open: Successfully opened handle 0x0 for '":;./\createstaticpd:sensorspd on domain 0
04-24 06:29:22.684   591   591 E sscrpcd : vendor/qcom/proprietary/commonsys-intf/adsprpc/src/fastrpc_apps_user.c:2588: Error 0x200: apps_dev_init failed for domain 0, errno Transport endpoint is not connected
04-24 06:29:22.684   591   591 E sscrpcd : vendor/qcom/proprietary/commonsys-intf/adsprpc/src/fastrpc_apps_user.c:2686: Error 0x200: open_dev (-1) failed for domain 0 (errno Transport endpoint is not connected)
04-24 06:29:22.684   591   591 W sscrpcd : vendor/qcom/proprietary/commonsys-intf/adsprpc/src/fastrpc_apps_user.c:1441:Warning 0xe: remote_get_info failed to get attribute 257 for domain 0 (errno Success)
04-24 06:29:22.684   591   591 E sscrpcd : vendor/qcom/proprietary/commonsys-intf/adsprpc/src/fastrpc_apps_user.c:1206: Error 0x200: remote_handle_open failed for adsp_default_listener (errno Success)
04-24 06:29:22.684   591   591 E sscrpcd : vendor/qcom/proprietary/sensors-see/sscrpcd/src/sscrpcd.cpp:86:listener exits
04-24 06:29:22.684   591   591 I sscrpcd : vendor/qcom/proprietary/commonsys-intf/adsprpc/src/rpcmem_android.c:191: rpcmem_deinit_internal: closed ION fd 5
04-24 06:29:22.684   591   591 I sscrpcd : vendor/qcom/proprietary/commonsys-intf/adsprpc/src/fastrpc_pm.c:116: fastrpc_wake_lock_deinit done
04-24 06:29:22.684   591   591 I sscrpcd : vendor/qcom/proprietary/commonsys-intf/adsprpc/src/fastrpc_apps_user.c:2734: fastrpc_apps_user_deinit done
04-24 06:29:22.684   591   591 E sscrpcd : vendor/qcom/proprietary/sensors-see/sscrpcd/src/sscrpcd.cpp:97:sscrpcd daemon will restart after 25ms...
--------- switch to system
04-24 06:29:22.703   559   559 I vold    : [libfs_mgr] __mount(source=/dev/block/dm-36,target=/data,type=f2fs)=0: Success
04-24 06:29:22.703   559   559 D vold    : Mounted /data
--------- switch to main
04-24 06:29:22.713   591   591 I sscrpcd : vendor/qcom/proprietary/commonsys-intf/adsprpc/src/rpcmem_android.c:158: rpcmem_init_internal: opened ION device fd 5, configured heap IDs: system (0x2000000), contig (0x400000), secure (0x200), secure flags (0x80080000)
04-24 06:29:22.713   591   591 I sscrpcd : vendor/qcom/proprietary/commonsys-intf/adsprpc/src/fastrpc_apps_user.c:2794: fastrpc_apps_user_init done
04-24 06:29:22.713   591   591 E sscrpcd : vendor/qcom/proprietary/sensors-see/sscrpcd/src/sscrpcd.cpp:82:adsp_default_listener_start called for [sensorspd]
04-24 06:29:22.713   591   591 I sscrpcd : vendor/qcom/proprietary/commonsys-intf/adsprpc/src/fastrpc_pm.c:85: fastrpc_wake_lock_init done for sscrpcd:591
04-24 06:29:22.713   591   591 I sscrpcd : vendor/qcom/proprietary/commonsys-intf/adsprpc/src/fastrpc_apps_user.c:1513: wakelock_control: enabled wakelock control for domain 0
04-24 06:29:22.713   591   591 E sscrpcd : vendor/qcom/proprietary/sensors-see/sscrpcd/src/sscrpcd.cpp:60:fastrpc wakelock control is enabled
04-24 06:29:22.713   591   591 I sscrpcd : vendor/qcom/proprietary/commonsys-intf/adsprpc/src/fastrpc_apps_user.c:1203: remote_handle_open: Successfully opened handle 0x0 for '":;./\createstaticpd:sensorspd on domain 0
04-24 06:29:22.713   591   591 E sscrpcd : vendor/qcom/proprietary/commonsys-intf/adsprpc/src/fastrpc_apps_user.c:2588: Error 0x200: apps_dev_init failed for domain 0, errno Transport endpoint is not connected
04-24 06:29:22.713   591   591 E sscrpcd : vendor/qcom/proprietary/commonsys-intf/adsprpc/src/fastrpc_apps_user.c:2686: Error 0x200: open_dev (-1) failed for domain 0 (errno Transport endpoint is not connected)
04-24 06:29:22.713   591   591 W sscrpcd : vendor/qcom/proprietary/commonsys-intf/adsprpc/src/fastrpc_apps_user.c:1441:Warning 0xe: remote_get_info failed to get attribute 257 for domain 0 (errno Success)
04-24 06:29:22.713   591   591 E sscrpcd : vendor/qcom/proprietary/commonsys-intf/adsprpc/src/fastrpc_apps_user.c:1206: Error 0x200: remote_handle_open failed for adsp_default_listener (errno Success)
04-24 06:29:22.713   591   591 E sscrpcd : vendor/qcom/proprietary/sensors-see/sscrpcd/src/sscrpcd.cpp:86:listener exits
