04-24 06:29:23.199   591   591 E sscrpcd : vendor/qcom/proprietary/sensors-see/sscrpcd/src/sscrpcd.cpp:60:fastrpc wakelock control is enabled
04-24 06:29:23.199   591   591 I sscrpcd : vendor/qcom/proprietary/commonsys-intf/adsprpc/src/fastrpc_apps_user.c:1203: remote_handle_open: Successfully opened handle 0x0 for '":;./\createstaticpd:sensorspd on domain 0
04-24 06:29:23.199   591   591 E sscrpcd : vendor/qcom/proprietary/commonsys-intf/adsprpc/src/fastrpc_apps_user.c:2588: Error 0x200: apps_dev_init failed for domain 0, errno Transport endpoint is not connected
04-24 06:29:23.199   591   591 E sscrpcd : vendor/qcom/proprietary/commonsys-intf/adsprpc/src/fastrpc_apps_user.c:2686: Error 0x200: open_dev (-1) failed for domain 0 (errno Transport endpoint is not connected)
04-24 06:29:23.199   591   591 W sscrpcd : vendor/qcom/proprietary/commonsys-intf/adsprpc/src/fastrpc_apps_user.c:1441:Warning 0xe: remote_get_info failed to get attribute 257 for domain 0 (errno Success)
04-24 06:29:23.199   591   591 E sscrpcd : vendor/qcom/proprietary/commonsys-intf/adsprpc/src/fastrpc_apps_user.c:1206: Error 0x200: remote_handle_open failed for adsp_default_listener (errno Success)
04-24 06:29:23.199   591   591 E sscrpcd : vendor/qcom/proprietary/sensors-see/sscrpcd/src/sscrpcd.cpp:86:listener exits
04-24 06:29:23.199   591   591 I sscrpcd : vendor/qcom/proprietary/commonsys-intf/adsprpc/src/rpcmem_android.c:191: rpcmem_deinit_internal: closed ION fd 5
04-24 06:29:23.199   591   591 I sscrpcd : vendor/qcom/proprietary/commonsys-intf/adsprpc/src/fastrpc_pm.c:116: fastrpc_wake_lock_deinit done
04-24 06:29:23.199   591   591 I sscrpcd : vendor/qcom/proprietary/commonsys-intf/adsprpc/src/fastrpc_apps_user.c:2734: fastrpc_apps_user_deinit done
04-24 06:29:23.199   591   591 E sscrpcd : vendor/qcom/proprietary/sensors-see/sscrpcd/src/sscrpcd.cpp:97:sscrpcd daemon will restart after 25ms...
--------- switch to system
04-24 06:29:23.204   559   559 D vold    : Installed fscrypt key with ref 292d0d751d90c92c6edb37a15ac21c03 to /data
04-24 06:29:23.204   559   559 D vold    : Added fscrypt-provisioning key for 292d0d751d90c92c6edb37a15ac21c03 to session keyring
04-24 06:29:23.204   559   559 D vold    : Installed de key for user 0
04-24 06:29:23.205   559   559 D vold    : Preparing: /data/data
04-24 06:29:23.206   559   559 E vold    : Failed to set encryption policy of /data/data to 4e1e696b7efe4e59a5eb692217dff2b9 v2 modes 1/4 flags 0xa: The directory already has a different encryption policy.
04-24 06:29:23.206   559   559 D vold    : Preparing: /data/data
04-24 06:29:23.206   559   559 I vold    : Encryption policy of /data/data set to 4e1e696b7efe4e59a5eb692217dff2b9 v2 modes 1/4 flags 0xa
04-24 06:29:23.206   559   559 D vold    : Preparing: /data/user/0
04-24 06:29:23.207   559   559 D vold    : Preparing: /data/media/obb
04-24 06:29:23.207   559   559 D vold    : fscrypt_prepare_user_storage for volume null, user 0, serial 0, flags 1
04-24 06:29:23.207   559   559 D vold    : Preparing: /data/system/users/0
04-24 06:29:23.207   559   559 D vold    : Preparing: /data/misc/profiles/cur/0
04-24 06:29:23.208   559   559 D vold    : Preparing: /data/system_de/0
04-24 06:29:23.208   559   559 I vold    : Verified that /data/system_de/0 has the encryption policy 292d0d751d90c92c6edb37a15ac21c03 v2 modes 1/4 flags 0xa
04-24 06:29:23.208   559   559 D vold    : Preparing: /data/vendor_de/0
04-24 06:29:23.209   559   559 I vold    : Verified that /data/vendor_de/0 has the encryption policy 292d0d751d90c92c6edb37a15ac21c03 v2 modes 1/4 flags 0xa
04-24 06:29:23.209   559   559 D vold    : Preparing: /data/misc_de/0
04-24 06:29:23.210   559   559 I vold    : Verified that /data/misc_de/0 has the encryption policy 292d0d751d90c92c6edb37a15ac21c03 v2 modes 1/4 flags 0xa
04-24 06:29:23.210   559   559 D vold    : Preparing: /data/user_de/0
04-24 06:29:23.210   559   559 I vold    : Verified that /data/user_de/0 has the encryption policy 292d0d751d90c92c6edb37a15ac21c03 v2 modes 1/4 flags 0xa
04-24 06:29:23.210   559   559 D vold    : /system/bin/vold_prepare_subdirs
04-24 06:29:23.210   559   559 D vold    :     prepare
04-24 06:29:23.210   559   559 D vold    :     
04-24 06:29:23.210   559   559 D vold    :     0
04-24 06:29:23.210   559   559 D vold    :     1
--------- switch to main
04-24 06:29:23.227   747   747 D vold_prepare_subdirs: Setting up mode 771 uid 1000 gid 1000 context u:object_r:system_data_file:s0:c512,c768 on path: /data/user_de/0
04-24 06:29:23.227   591   591 I sscrpcd : vendor/qcom/proprietary/commonsys-intf/adsprpc/src/rpcmem_android.c:158: rpcmem_init_internal: opened ION device fd 5, configured heap IDs: system (0x2000000), contig (0x400000), secure (0x200), secure flags (0x80080000)
04-24 06:29:23.227   591   591 I sscrpcd : vendor/qcom/proprietary/commonsys-intf/adsprpc/src/fastrpc_apps_user.c:2794: fastrpc_apps_user_init done
04-24 06:29:23.227   747   747 D vold_prepare_subdirs: Setting up mode 771 uid 1000 gid 1000 context u:object_r:sdk_sandbox_system_data_file:s0:c512,c768 on path: /data/misc_de/0/sdksandbox
04-24 06:29:23.227   591   591 E sscrpcd : vendor/qcom/proprietary/sensors-see/sscrpcd/src/sscrpcd.cpp:82:adsp_default_listener_start called for [sensorspd]
04-24 06:29:23.227   591   591 I sscrpcd : vendor/qcom/proprietary/commonsys-intf/adsprpc/src/fastrpc_pm.c:85: fastrpc_wake_lock_init done for sscrpcd:591
04-24 06:29:23.227   591   591 I sscrpcd : vendor/qcom/proprietary/commonsys-intf/adsprpc/src/fastrpc_apps_user.c:1513: wakelock_control: enabled wakelock control for domain 0
04-24 06:29:23.227   591   591 E sscrpcd : vendor/qcom/proprietary/sensors-see/sscrpcd/src/sscrpcd.cpp:60:fastrpc wakelock control is enabled
04-24 06:29:23.227   591   591 I sscrpcd : vendor/qcom/proprietary/commonsys-intf/adsprpc/src/fastrpc_apps_user.c:1203: remote_handle_open: Successfully opened handle 0x0 for '":;./\createstaticpd:sensorspd on domain 0
04-24 06:29:23.228   591   591 E sscrpcd : vendor/qcom/proprietary/commonsys-intf/adsprpc/src/fastrpc_apps_user.c:2588: Error 0x200: apps_dev_init failed for domain 0, errno Transport endpoint is not connected
04-24 06:29:23.228   591   591 E sscrpcd : vendor/qcom/proprietary/commonsys-intf/adsprpc/src/fastrpc_apps_user.c:2686: Error 0x200: open_dev (-1) failed for domain 0 (errno Transport endpoint is not connected)
04-24 06:29:23.228   591   591 W sscrpcd : vendor/qcom/proprietary/commonsys-intf/adsprpc/src/fastrpc_apps_user.c:1441:Warning 0xe: remote_get_info failed to get attribute 257 for domain 0 (errno Success)
04-24 06:29:23.228   591   591 E sscrpcd : vendor/qcom/proprietary/commonsys-intf/adsprpc/src/fastrpc_apps_user.c:1206: Error 0x200: remote_handle_open failed for adsp_default_listener (errno Success)
04-24 06:29:23.228   591   591 E sscrpcd : vendor/qcom/proprietary/sensors-see/sscrpcd/src/sscrpcd.cpp:86:listener exits
04-24 06:29:23.228   591   591 I sscrpcd : vendor/qcom/proprietary/commonsys-intf/adsprpc/src/rpcmem_android.c:191: rpcmem_deinit_internal: closed ION fd 5
04-24 06:29:23.228   591   591 I sscrpcd : vendor/qcom/proprietary/commonsys-intf/adsprpc/src/fastrpc_pm.c:116: fastrpc_wake_lock_deinit done
04-24 06:29:23.228   591   591 I sscrpcd : vendor/qcom/proprietary/commonsys-intf/adsprpc/src/fastrpc_apps_user.c:2734: fastrpc_apps_user_deinit done
04-24 06:29:23.228   591   591 E sscrpcd : vendor/qcom/proprietary/sensors-see/sscrpcd/src/sscrpcd.cpp:97:sscrpcd daemon will restart after 25ms...
04-24 06:29:23.229   747   747 D vold_prepare_subdirs: Setting up mode 700 uid 0 gid 0 context u:object_r:vold_data_file:s0 on path: /data/misc_de/0/vold
04-24 06:29:23.230   747   747 D vold_prepare_subdirs: Setting up mode 700 uid 0 gid 0 context u:object_r:storaged_data_file:s0 on path: /data/misc_de/0/storaged
04-24 06:29:23.231   747   747 D vold_prepare_subdirs: Setting up mode 700 uid 0 gid 0 context u:object_r:rollback_data_file:s0 on path: /data/misc_de/0/rollback
04-24 06:29:23.231   747   747 D vold_prepare_subdirs: Setting up mode 700 uid 0 gid 0 context u:object_r:apex_rollback_data_file:s0 on path: /data/misc_de/0/apexrollback
04-24 06:29:23.231   747   747 D vold_prepare_subdirs: Setting up mode 711 uid 0 gid 0 context u:object_r:apex_module_data_file:s0 on path: /data/misc_de/0/apexdata
04-24 06:29:23.232   747   747 D vold_prepare_subdirs: Setting up mode 771 uid 0 gid 1000 context u:object_r:apex_system_server_data_file:s0 on path: /data/misc_de/0/apexdata/com.android.wifi
04-24 06:29:23.233   747   747 D vold_prepare_subdirs: Setting up mode 771 uid 0 gid 1000 context u:object_r:apex_module_data_file:s0 on path: /data/misc_de/0/apexdata/com.android.scheduling
04-24 06:29:23.233   747   747 D vold_prepare_subdirs: Setting up mode 771 uid 0 gid 1000 context u:object_r:apex_module_data_file:s0 on path: /data/misc_de/0/apexdata/com.android.adservices
04-24 06:29:23.234   747   747 D vold_prepare_subdirs: Setting up mode 771 uid 0 gid 1000 context u:object_r:apex_module_data_file:s0 on path: /data/misc_de/0/apexdata/com.android.tethering
04-24 06:29:23.234   747   747 D vold_prepare_subdirs: Setting up mode 771 uid 0 gid 1000 context u:object_r:apex_module_data_file:s0 on path: /data/misc_de/0/apexdata/com.android.adbd
04-24 06:29:23.235   747   747 D vold_prepare_subdirs: Setting up mode 771 uid 0 gid 1000 context u:object_r:apex_module_data_file:s0 on path: /data/misc_de/0/apexdata/com.android.cellbroadcast
04-24 06:29:23.235   747   747 D vold_prepare_subdirs: Setting up mode 771 uid 0 gid 1000 context u:object_r:apex_system_server_data_file:s0 on path: /data/misc_de/0/apexdata/com.android.permission
04-24 06:29:23.236   747   747 D vold_prepare_subdirs: Setting up mode 771 uid 0 gid 1000 context u:object_r:apex_module_data_file:s0 on path: /data/misc_de/0/apexdata/com.android.appsearch
04-24 06:29:23.236   747   747 D vold_prepare_subdirs: Setting up mode 771 uid 0 gid 1000 context u:object_r:apex_module_data_file:s0 on path: /data/misc_de/0/apexdata/com.android.mediaprovider
04-24 06:29:23.237   747   747 D vold_prepare_subdirs: Setting up mode 771 uid 0 gid 1000 context u:object_r:apex_module_data_file:s0 on path: /data/misc_de/0/apexdata/com.android.ondevicepersonalization
04-24 06:29:23.237   747   747 D vold_prepare_subdirs: Setting up mode 771 uid 0 gid 1000 context u:object_r:apex_module_data_file:s0 on path: /data/misc_de/0/apexdata/com.android.conscrypt
04-24 06:29:23.238   747   747 D vold_prepare_subdirs: Setting up mode 771 uid 0 gid 1000 context u:object_r:apex_module_data_file:s0 on path: /data/misc_de/0/apexdata/com.android.neuralnetworks
04-24 06:29:23.238   747   747 D vold_prepare_subdirs: Setting up mode 771 uid 0 gid 1000 context u:object_r:apex_module_data_file:s0 on path: /data/misc_de/0/apexdata/com.android.media.swcodec
04-24 06:29:23.239   747   747 D vold_prepare_subdirs: Setting up mode 771 uid 0 gid 1000 context u:object_r:apex_module_data_file:s0 on path: /data/misc_de/0/apexdata/com.android.ipsec
04-24 06:29:23.239   747   747 D vold_prepare_subdirs: Setting up mode 771 uid 0 gid 1000 context u:object_r:apex_module_data_file:s0 on path: /data/misc_de/0/apexdata/com.android.configinfrastructure
04-24 06:29:23.240   747   747 D vold_prepare_subdirs: Setting up mode 771 uid 0 gid 1000 context u:object_r:apex_module_data_file:s0 on path: /data/misc_de/0/apexdata/com.android.resolv
04-24 06:29:23.240   747   747 D vold_prepare_subdirs: Setting up mode 771 uid 0 gid 1000 context u:object_r:apex_module_data_file:s0 on path: /data/misc_de/0/apexdata/com.android.media
04-24 06:29:23.241   747   747 D vold_prepare_subdirs: Setting up mode 771 uid 0 gid 1000 context u:object_r:apex_module_data_file:s0 on path: /data/misc_de/0/apexdata/com.android.healthfitness
04-24 06:29:23.241   747   747 D vold_prepare_subdirs: Setting up mode 771 uid 0 gid 1000 context u:object_r:apex_module_data_file:s0 on path: /data/misc_de/0/apexdata/com.android.art
04-24 06:29:23.242   747   747 D vold_prepare_subdirs: Setting up mode 771 uid 0 gid 1000 context u:object_r:apex_system_server_data_file:s0 on path: /data/misc_de/0/apexdata/com.android.uwb
04-24 06:29:23.242   747   747 D vold_prepare_subdirs: Setting up mode 771 uid 0 gid 1000 context u:object_r:apex_module_data_file:s0 on path: /data/misc_de/0/apexdata/com.android.extservices
04-24 06:29:23.243   747   747 D vold_prepare_subdirs: Setting up mode 771 uid 0 gid 1000 context u:object_r:apex_module_data_file:s0 on path: /data/misc_de/0/apexdata/com.android.devicelock
04-24 06:29:23.243   747   747 D vold_prepare_subdirs: Setting up mode 771 uid 0 gid 1000 context u:object_r:apex_module_data_file:s0 on path: /data/misc_de/0/apexdata/com.android.rkpd
04-24 06:29:23.244   747   747 D vold_prepare_subdirs: Setting up mode 771 uid 0 gid 1000 context u:object_r:apex_module_data_file:s0 on path: /data/misc_de/0/apexdata/com.android.virt
04-24 06:29:23.244   747   747 D vold_prepare_subdirs: Setting up mode 771 uid 0 gid 1000 context u:object_r:apex_module_data_file:s0 on path: /data/misc_de/0/apexdata/com.android.sdkext
04-24 06:29:23.245   747   747 D vold_prepare_subdirs: Setting up mode 771 uid 0 gid 1000 context u:object_r:apex_module_data_file:s0 on path: /data/misc_de/0/apexdata/com.android.apex.cts.shim
04-24 06:29:23.245   747   747 D vold_prepare_subdirs: Setting up mode 771 uid 0 gid 1000 context u:object_r:apex_module_data_file:s0 on path: /data/misc_de/0/apexdata/com.android.os.statsd
04-24 06:29:23.246   747   747 D vold_prepare_subdirs: Setting up mode 771 uid 0 gid 1000 context u:object_r:apex_module_data_file:s0 on path: /data/misc_de/0/apexdata/com.android.btservices
04-24 06:29:23.247   747   747 D vold_prepare_subdirs: Setting up mode 771 uid 0 gid 1000 context u:object_r:apex_module_data_file:s0 on path: /data/misc_de/0/apexdata/com.android.vndk.v34
04-24 06:29:23.247   747   747 D vold_prepare_subdirs: Setting up mode 771 uid 0 gid 1000 context u:object_r:apex_module_data_file:s0 on path: /data/misc_de/0/apexdata/com.android.runtime
04-24 06:29:23.248   747   747 D vold_prepare_subdirs: Setting up mode 771 uid 0 gid 1000 context u:object_r:apex_module_data_file:s0 on path: /data/misc_de/0/apexdata/com.android.i18n
04-24 06:29:23.248   747   747 D vold_prepare_subdirs: Setting up mode 771 uid 0 gid 1000 context u:object_r:apex_module_data_file:s0 on path: /data/misc_de/0/apexdata/com.android.tzdata
04-24 06:29:23.249   747   747 D vold_prepare_subdirs: Setting up mode 771 uid 0 gid 1000 context u:object_r:apex_module_data_file:s0 on path: /data/misc_de/0/apexdata/sharedlibs
04-24 06:29:23.249   747   747 D vold_prepare_subdirs: Setting up mode 771 uid 1000 gid 1000 context u:object_r:user_profile_root_file:s0:c512,c768 on path: /data/misc/profiles/cur/0
04-24 06:29:23.249   747   747 D vold_prepare_subdirs: Setting up mode 700 uid 1000 gid 1000 context u:object_r:fingerprint_vendor_data_file:s0 on path: /data/vendor_de/0/fpdata
04-24 06:29:23.250   747   747 D vold_prepare_subdirs: Setting up mode 700 uid 1000 gid 1000 context u:object_r:face_vendor_data_file:s0 on path: /data/vendor_de/0/facedata
--------- switch to system
04-24 06:29:23.251   559   559 D vold    : Detected support for FS_IOC_ADD_ENCRYPTION_KEY
04-24 06:29:23.251   559   559 D vold    : Installing fscrypt-provisioning key for 4e1e696b7efe4e59a5eb692217dff2b9 back into /data fs-keyring
--------- switch to main
04-24 06:29:23.257   591   591 I sscrpcd : vendor/qcom/proprietary/commonsys-intf/adsprpc/src/rpcmem_android.c:158: rpcmem_init_internal: opened ION device fd 5, configured heap IDs: system (0x2000000), contig (0x400000), secure (0x200), secure flags (0x80080000)
04-24 06:29:23.257   591   591 I sscrpcd : vendor/qcom/proprietary/commonsys-intf/adsprpc/src/fastrpc_apps_user.c:2794: fastrpc_apps_user_init done
04-24 06:29:23.257   591   591 E sscrpcd : vendor/qcom/proprietary/sensors-see/sscrpcd/src/sscrpcd.cpp:82:adsp_default_listener_start called for [sensorspd]
04-24 06:29:23.257   591   591 I sscrpcd : vendor/qcom/proprietary/commonsys-intf/adsprpc/src/fastrpc_pm.c:85: fastrpc_wake_lock_init done for sscrpcd:591
04-24 06:29:23.257   591   591 I sscrpcd : vendor/qcom/proprietary/commonsys-intf/adsprpc/src/fastrpc_apps_user.c:1513: wakelock_control: enabled wakelock control for domain 0
04-24 06:29:23.257   591   591 E sscrpcd : vendor/qcom/proprietary/sensors-see/sscrpcd/src/sscrpcd.cpp:60:fastrpc wakelock control is enabled
04-24 06:29:23.257   591   591 I sscrpcd : vendor/qcom/proprietary/commonsys-intf/adsprpc/src/fastrpc_apps_user.c:1203: remote_handle_open: Successfully opened handle 0x0 for '":;./\createstaticpd:sensorspd on domain 0
04-24 06:29:23.257   591   591 E sscrpcd : vendor/qcom/proprietary/commonsys-intf/adsprpc/src/fastrpc_apps_user.c:2588: Error 0x200: apps_dev_init failed for domain 0, errno Transport endpoint is not connected
04-24 06:29:23.257   591   591 E sscrpcd : vendor/qcom/proprietary/commonsys-intf/adsprpc/src/fastrpc_apps_user.c:2686: Error 0x200: open_dev (-1) failed for domain 0 (errno Transport endpoint is not connected)
04-24 06:29:23.257   591   591 W sscrpcd : vendor/qcom/proprietary/commonsys-intf/adsprpc/src/fastrpc_apps_user.c:1441:Warning 0xe: remote_get_info failed to get attribute 257 for domain 0 (errno Success)
04-24 06:29:23.257   591   591 E sscrpcd : vendor/qcom/proprietary/commonsys-intf/adsprpc/src/fastrpc_apps_user.c:1206: Error 0x200: remote_handle_open failed for adsp_default_listener (errno Success)
04-24 06:29:23.257   591   591 E sscrpcd : vendor/qcom/proprietary/sensors-see/sscrpcd/src/sscrpcd.cpp:86:listener exits
04-24 06:29:23.257   591   591 I sscrpcd : vendor/qcom/proprietary/commonsys-intf/adsprpc/src/rpcmem_android.c:191: rpcmem_deinit_internal: closed ION fd 5
04-24 06:29:23.257   591   591 I sscrpcd : vendor/qcom/proprietary/commonsys-intf/adsprpc/src/fastrpc_pm.c:116: fastrpc_wake_lock_deinit done
04-24 06:29:23.257   591   591 I sscrpcd : vendor/qcom/proprietary/commonsys-intf/adsprpc/src/fastrpc_apps_user.c:2734: fastrpc_apps_user_deinit done
04-24 06:29:23.258   591   591 E sscrpcd : vendor/qcom/proprietary/sensors-see/sscrpcd/src/sscrpcd.cpp:97:sscrpcd daemon will restart after 25ms...
04-24 06:29:23.265   749   749 I derive_classpath: ParseFragments for bootclasspath
04-24 06:29:23.274   749   749 I derive_classpath: ReadClasspathFragment /apex/com.android.art/etc/classpaths/bootclasspath.pb
04-24 06:29:23.275   749   749 I derive_classpath: ReadClasspathFragment /system/etc/classpaths/bootclasspath.pb
04-24 06:29:23.275   749   749 I derive_classpath: ReadClasspathFragment /apex/com.android.adservices/etc/classpaths/bootclasspath.pb
04-24 06:29:23.275   749   749 I derive_classpath: ReadClasspathFragment /apex/com.android.appsearch/etc/classpaths/bootclasspath.pb
04-24 06:29:23.276   749   749 I derive_classpath: ReadClasspathFragment /apex/com.android.btservices/etc/classpaths/bootclasspath.pb
04-24 06:29:23.276   749   749 I derive_classpath: ReadClasspathFragment /apex/com.android.configinfrastructure/etc/classpaths/bootclasspath.pb
04-24 06:29:23.276   749   749 I derive_classpath: ReadClasspathFragment /apex/com.android.conscrypt/etc/classpaths/bootclasspath.pb
04-24 06:29:23.276   749   749 I derive_classpath: ReadClasspathFragment /apex/com.android.devicelock/etc/classpaths/bootclasspath.pb
04-24 06:29:23.277   749   749 I derive_classpath: ReadClasspathFragment /apex/com.android.healthfitness/etc/classpaths/bootclasspath.pb
04-24 06:29:23.277   749   749 I derive_classpath: ReadClasspathFragment /apex/com.android.ipsec/etc/classpaths/bootclasspath.pb
04-24 06:29:23.277   749   749 I derive_classpath: ReadClasspathFragment /apex/com.android.media/etc/classpaths/bootclasspath.pb
04-24 06:29:23.277   749   749 I derive_classpath: ReadClasspathFragment /apex/com.android.mediaprovider/etc/classpaths/bootclasspath.pb
04-24 06:29:23.278   749   749 I derive_classpath: ReadClasspathFragment /apex/com.android.ondevicepersonalization/etc/classpaths/bootclasspath.pb
04-24 06:29:23.278   749   749 I derive_classpath: ReadClasspathFragment /apex/com.android.os.statsd/etc/classpaths/bootclasspath.pb
04-24 06:29:23.278   749   749 I derive_classpath: ReadClasspathFragment /apex/com.android.permission/etc/classpaths/bootclasspath.pb
04-24 06:29:23.279   749   749 I derive_classpath: ReadClasspathFragment /apex/com.android.scheduling/etc/classpaths/bootclasspath.pb
04-24 06:29:23.279   749   749 I derive_classpath: ReadClasspathFragment /apex/com.android.sdkext/etc/classpaths/bootclasspath.pb
04-24 06:29:23.279   749   749 I derive_classpath: ReadClasspathFragment /apex/com.android.tethering/etc/classpaths/bootclasspath.pb
04-24 06:29:23.279   749   749 I derive_classpath: ReadClasspathFragment /apex/com.android.uwb/etc/classpaths/bootclasspath.pb
04-24 06:29:23.280   749   749 I derive_classpath: ReadClasspathFragment /apex/com.android.virt/etc/classpaths/bootclasspath.pb
04-24 06:29:23.280   749   749 I derive_classpath: ReadClasspathFragment /apex/com.android.wifi/etc/classpaths/bootclasspath.pb
04-24 06:29:23.280   749   749 I derive_classpath: ParseFragments for systemserverclasspath
04-24 06:29:23.282   749   749 I derive_classpath: ReadClasspathFragment /system/etc/classpaths/systemserverclasspath.pb
04-24 06:29:23.282   749   749 I derive_classpath: ReadClasspathFragment /apex/com.android.adservices/etc/classpaths/systemserverclasspath.pb
04-24 06:29:23.283   749   749 I derive_classpath: ReadClasspathFragment /apex/com.android.appsearch/etc/classpaths/systemserverclasspath.pb
04-24 06:29:23.283   749   749 I derive_classpath: ReadClasspathFragment /apex/com.android.art/etc/classpaths/systemserverclasspath.pb
04-24 06:29:23.284   749   749 I derive_classpath: ReadClasspathFragment /apex/com.android.btservices/etc/classpaths/systemserverclasspath.pb
04-24 06:29:23.284   749   749 I derive_classpath: ReadClasspathFragment /apex/com.android.configinfrastructure/etc/classpaths/systemserverclasspath.pb
04-24 06:29:23.284   749   749 I derive_classpath: ReadClasspathFragment /apex/com.android.devicelock/etc/classpaths/systemserverclasspath.pb
04-24 06:29:23.284   749   749 I derive_classpath: ReadClasspathFragment /apex/com.android.healthfitness/etc/classpaths/systemserverclasspath.pb
04-24 06:29:23.285   749   749 I derive_classpath: ReadClasspathFragment /apex/com.android.media/etc/classpaths/systemserverclasspath.pb
04-24 06:29:23.285   749   749 I derive_classpath: ReadClasspathFragment /apex/com.android.ondevicepersonalization/etc/classpaths/systemserverclasspath.pb
04-24 06:29:23.285   749   749 I derive_classpath: ReadClasspathFragment /apex/com.android.os.statsd/etc/classpaths/systemserverclasspath.pb
04-24 06:29:23.286   591   591 I sscrpcd : vendor/qcom/proprietary/commonsys-intf/adsprpc/src/rpcmem_android.c:158: rpcmem_init_internal: opened ION device fd 5, configured heap IDs: system (0x2000000), contig (0x400000), secure (0x200), secure flags (0x80080000)
04-24 06:29:23.286   591   591 I sscrpcd : vendor/qcom/proprietary/commonsys-intf/adsprpc/src/fastrpc_apps_user.c:2794: fastrpc_apps_user_init done
04-24 06:29:23.286   591   591 E sscrpcd : vendor/qcom/proprietary/sensors-see/sscrpcd/src/sscrpcd.cpp:82:adsp_default_listener_start called for [sensorspd]
04-24 06:29:23.286   749   749 I derive_classpath: ReadClasspathFragment /apex/com.android.permission/etc/classpaths/systemserverclasspath.pb
04-24 06:29:23.286   591   591 I sscrpcd : vendor/qcom/proprietary/commonsys-intf/adsprpc/src/fastrpc_pm.c:85: fastrpc_wake_lock_init done for sscrpcd:591
04-24 06:29:23.286   591   591 I sscrpcd : vendor/qcom/proprietary/commonsys-intf/adsprpc/src/fastrpc_apps_user.c:1513: wakelock_control: enabled wakelock control for domain 0
04-24 06:29:23.286   591   591 E sscrpcd : vendor/qcom/proprietary/sensors-see/sscrpcd/src/sscrpcd.cpp:60:fastrpc wakelock control is enabled
04-24 06:29:23.286   591   591 I sscrpcd : vendor/qcom/proprietary/commonsys-intf/adsprpc/src/fastrpc_apps_user.c:1203: remote_handle_open: Successfully opened handle 0x0 for '":;./\createstaticpd:sensorspd on domain 0
04-24 06:29:23.286   591   591 E sscrpcd : vendor/qcom/proprietary/commonsys-intf/adsprpc/src/fastrpc_apps_user.c:2588: Error 0x200: apps_dev_init failed for domain 0, errno Transport endpoint is not connected
04-24 06:29:23.286   591   591 E sscrpcd : vendor/qcom/proprietary/commonsys-intf/adsprpc/src/fastrpc_apps_user.c:2686: Error 0x200: open_dev (-1) failed for domain 0 (errno Transport endpoint is not connected)
04-24 06:29:23.286   591   591 W sscrpcd : vendor/qcom/proprietary/commonsys-intf/adsprpc/src/fastrpc_apps_user.c:1441:Warning 0xe: remote_get_info failed to get attribute 257 for domain 0 (errno Success)
04-24 06:29:23.286   591   591 E sscrpcd : vendor/qcom/proprietary/commonsys-intf/adsprpc/src/fastrpc_apps_user.c:1206: Error 0x200: remote_handle_open failed for adsp_default_listener (errno Success)
04-24 06:29:23.286   591   591 E sscrpcd : vendor/qcom/proprietary/sensors-see/sscrpcd/src/sscrpcd.cpp:86:listener exits
04-24 06:29:23.286   591   591 I sscrpcd : vendor/qcom/proprietary/commonsys-intf/adsprpc/src/rpcmem_android.c:191: rpcmem_deinit_internal: closed ION fd 5
04-24 06:29:23.286   591   591 I sscrpcd : vendor/qcom/proprietary/commonsys-intf/adsprpc/src/fastrpc_pm.c:116: fastrpc_wake_lock_deinit done
04-24 06:29:23.286   591   591 I sscrpcd : vendor/qcom/proprietary/commonsys-intf/adsprpc/src/fastrpc_apps_user.c:2734: fastrpc_apps_user_deinit done
04-24 06:29:23.286   749   749 I derive_classpath: ReadClasspathFragment /apex/com.android.rkpd/etc/classpaths/systemserverclasspath.pb
04-24 06:29:23.286   749   749 I derive_classpath: ReadClasspathFragment /apex/com.android.scheduling/etc/classpaths/systemserverclasspath.pb
04-24 06:29:23.287   591   591 E sscrpcd : vendor/qcom/proprietary/sensors-see/sscrpcd/src/sscrpcd.cpp:97:sscrpcd daemon will restart after 25ms...
04-24 06:29:23.287   749   749 I derive_classpath: ReadClasspathFragment /apex/com.android.tethering/etc/classpaths/systemserverclasspath.pb
04-24 06:29:23.287   749   749 I derive_classpath: ReadClasspathFragment /apex/com.android.uwb/etc/classpaths/systemserverclasspath.pb
04-24 06:29:23.287   749   749 I derive_classpath: ReadClasspathFragment /apex/com.android.wifi/etc/classpaths/systemserverclasspath.pb
04-24 06:29:23.288   749   749 I derive_classpath: WriteClasspathExports /data/system/environ/classpath
04-24 06:29:23.288   749   749 I derive_classpath: WriteClasspathExports content
04-24 06:29:23.288   749   749 I derive_classpath: export BOOTCLASSPATH /apex/com.android.art/javalib/core-oj.jar:/apex/com.android.art/javalib/core-libart.jar:/apex/com.android.art/javalib/okhttp.jar:/apex/com.android.art/javalib/bouncycastle.jar:/apex/com.android.art/javalib/apache-xml.jar:/system/framework/framework.jar:/system/framework/framework-graphics.jar:/system/framework/ext.jar:/system/framework/telephony-common.jar:/system/framework/voip-common.jar:/system/framework/ims-common.jar:/system/framework/org.ifaa.android.manager.jar:/system/framework/telephony-ext.jar:/apex/com.android.i18n/javalib/core-icu4j.jar:/apex/com.android.adservices/javalib/framework-adservices.jar:/apex/com.android.adservices/javalib/framework-sdksandbox.jar:/apex/com.android.appsearch/javalib/framework-appsearch.jar:/apex/com.android.btservices/javalib/framework-bluetooth.jar:/apex/com.android.configinfrastructure/javalib/framework-configinfrastructure.jar:/apex/com.android.conscrypt/javalib/conscrypt.jar:/apex/com.android.devicelock/javalib/framework-devicelock.jar:/apex/com.android.healthfitness/javalib/framework-healthfitness.jar:/apex/com.android.ipsec/javalib/android.net.ipsec.ike.jar:/apex/com.android.media/javalib/updatable-media.jar:/apex/com.android.mediaprovider/javalib/framework-mediaprovider.jar:/apex/com.android.ondevicepersonalization/javalib/framework-ondevicepersonalization.jar:/apex/com.android.os.statsd/javalib/framework-statsd.jar:/apex/com.android.permission/javalib/framework-permission.jar:/apex/com.android.permission/javalib/framework-permission-s.jar:/apex/com.android.scheduling/javalib/framework-scheduling.jar:/apex/com.android.sdkext/javalib/framework-sdkextensions.jar:/apex/com.android.tethering/javalib/framework-connectivity.jar:/apex/com.android.tethering/javalib/framework-connectivity-t.jar:/apex/com.android.tethering/javalib/framework-tethering.jar:/apex/com.android.uwb/javalib/framework-uwb.jar:/apex/com.android.virt/javalib/framework-virtualization.jar:/apex/com.android.wifi/javalib/framework-wifi.jar
04-24 06:29:23.288   749   749 I derive_classpath: export DEX2OATBOOTCLASSPATH /apex/com.android.art/javalib/core-oj.jar:/apex/com.android.art/javalib/core-libart.jar:/apex/com.android.art/javalib/okhttp.jar:/apex/com.android.art/javalib/bouncycastle.jar:/apex/com.android.art/javalib/apache-xml.jar:/system/framework/framework.jar:/system/framework/framework-graphics.jar:/system/framework/ext.jar:/system/framework/telephony-common.jar:/system/framework/voip-common.jar:/system/framework/ims-common.jar:/system/framework/org.ifaa.android.manager.jar:/system/framework/telephony-ext.jar:/apex/com.android.i18n/javalib/core-icu4j.jar
04-24 06:29:23.288   749   749 I derive_classpath: export SYSTEMSERVERCLASSPATH /system/framework/com.android.location.provider.jar:/system/framework/services.jar:/apex/com.android.adservices/javalib/service-adservices.jar:/apex/com.android.adservices/javalib/service-sdksandbox.jar:/apex/com.android.appsearch/javalib/service-appsearch.jar:/apex/com.android.art/javalib/service-art.jar:/apex/com.android.configinfrastructure/javalib/service-configinfrastructure.jar:/apex/com.android.healthfitness/javalib/service-healthfitness.jar:/apex/com.android.media/javalib/service-media-s.jar:/apex/com.android.ondevicepersonalization/javalib/service-ondevicepersonalization.jar:/apex/com.android.permission/javalib/service-permission.jar:/apex/com.android.rkpd/javalib/service-rkp.jar
04-24 06:29:23.288   749   749 I derive_classpath: export STANDALONE_SYSTEMSERVER_JARS /apex/com.android.btservices/javalib/service-bluetooth.jar:/apex/com.android.devicelock/javalib/service-devicelock.jar:/apex/com.android.os.statsd/javalib/service-statsd.jar:/apex/com.android.scheduling/javalib/service-scheduling.jar:/apex/com.android.tethering/javalib/service-connectivity.jar:/apex/com.android.uwb/javalib/service-uwb.jar:/apex/com.android.wifi/javalib/service-wifi.jar
04-24 06:29:23.310   750   750 I art_boot: Property persist.device_config.runtime_native_boot.useartservice not set
04-24 06:29:23.315   591   591 I sscrpcd : vendor/qcom/proprietary/commonsys-intf/adsprpc/src/rpcmem_android.c:158: rpcmem_init_internal: opened ION device fd 5, configured heap IDs: system (0x2000000), contig (0x400000), secure (0x200), secure flags (0x80080000)
04-24 06:29:23.315   591   591 I sscrpcd : vendor/qcom/proprietary/commonsys-intf/adsprpc/src/fastrpc_apps_user.c:2794: fastrpc_apps_user_init done
04-24 06:29:23.315   591   591 E sscrpcd : vendor/qcom/proprietary/sensors-see/sscrpcd/src/sscrpcd.cpp:82:adsp_default_listener_start called for [sensorspd]
04-24 06:29:23.315   591   591 I sscrpcd : vendor/qcom/proprietary/commonsys-intf/adsprpc/src/fastrpc_pm.c:85: fastrpc_wake_lock_init done for sscrpcd:591
04-24 06:29:23.315   591   591 I sscrpcd : vendor/qcom/proprietary/commonsys-intf/adsprpc/src/fastrpc_apps_user.c:1513: wakelock_control: enabled wakelock control for domain 0
04-24 06:29:23.315   591   591 E sscrpcd : vendor/qcom/proprietary/sensors-see/sscrpcd/src/sscrpcd.cpp:60:fastrpc wakelock control is enabled
04-24 06:29:23.315   591   591 I sscrpcd : vendor/qcom/proprietary/commonsys-intf/adsprpc/src/fastrpc_apps_user.c:1203: remote_handle_open: Successfully opened handle 0x0 for '":;./\createstaticpd:sensorspd on domain 0
04-24 06:29:23.315   591   591 E sscrpcd : vendor/qcom/proprietary/commonsys-intf/adsprpc/src/fastrpc_apps_user.c:2588: Error 0x200: apps_dev_init failed for domain 0, errno Transport endpoint is not connected
04-24 06:29:23.315   591   591 E sscrpcd : vendor/qcom/proprietary/commonsys-intf/adsprpc/src/fastrpc_apps_user.c:2686: Error 0x200: open_dev (-1) failed for domain 0 (errno Transport endpoint is not connected)
04-24 06:29:23.315   591   591 W sscrpcd : vendor/qcom/proprietary/commonsys-intf/adsprpc/src/fastrpc_apps_user.c:1441:Warning 0xe: remote_get_info failed to get attribute 257 for domain 0 (errno Success)
04-24 06:29:23.315   591   591 E sscrpcd : vendor/qcom/proprietary/commonsys-intf/adsprpc/src/fastrpc_apps_user.c:1206: Error 0x200: remote_handle_open failed for adsp_default_listener (errno Success)
04-24 06:29:23.315   591   591 E sscrpcd : vendor/qcom/proprietary/sensors-see/sscrpcd/src/sscrpcd.cpp:86:listener exits
04-24 06:29:23.315   591   591 I sscrpcd : vendor/qcom/proprietary/commonsys-intf/adsprpc/src/rpcmem_android.c:191: rpcmem_deinit_internal: closed ION fd 5
04-24 06:29:23.315   591   591 I sscrpcd : vendor/qcom/proprietary/commonsys-intf/adsprpc/src/fastrpc_pm.c:116: fastrpc_wake_lock_deinit done
04-24 06:29:23.315   591   591 I sscrpcd : vendor/qcom/proprietary/commonsys-intf/adsprpc/src/fastrpc_apps_user.c:2734: fastrpc_apps_user_deinit done
04-24 06:29:23.316   591   591 E sscrpcd : vendor/qcom/proprietary/sensors-see/sscrpcd/src/sscrpcd.cpp:97:sscrpcd daemon will restart after 25ms...
04-24 06:29:23.336   751   751 E cutils-trace: Error opening trace file: No such file or directory (2)
--------- switch to system
04-24 06:29:23.336   751   751 I odsign  : Trying to retrieve existing HMAC key...
04-24 06:29:23.337   751   751 I odsign  : Trying to retrieve existing keystore key...
--------- switch to main
04-24 06:29:23.344   591   591 I sscrpcd : vendor/qcom/proprietary/commonsys-intf/adsprpc/src/rpcmem_android.c:158: rpcmem_init_internal: opened ION device fd 5, configured heap IDs: system (0x2000000), contig (0x400000), secure (0x200), secure flags (0x80080000)
04-24 06:29:23.344   591   591 I sscrpcd : vendor/qcom/proprietary/commonsys-intf/adsprpc/src/fastrpc_apps_user.c:2794: fastrpc_apps_user_init done
04-24 06:29:23.344   591   591 E sscrpcd : vendor/qcom/proprietary/sensors-see/sscrpcd/src/sscrpcd.cpp:82:adsp_default_listener_start called for [sensorspd]
04-24 06:29:23.344   591   591 I sscrpcd : vendor/qcom/proprietary/commonsys-intf/adsprpc/src/fastrpc_pm.c:85: fastrpc_wake_lock_init done for sscrpcd:591
04-24 06:29:23.344   591   591 I sscrpcd : vendor/qcom/proprietary/commonsys-intf/adsprpc/src/fastrpc_apps_user.c:1513: wakelock_control: enabled wakelock control for domain 0
04-24 06:29:23.344   591   591 E sscrpcd : vendor/qcom/proprietary/sensors-see/sscrpcd/src/sscrpcd.cpp:60:fastrpc wakelock control is enabled
04-24 06:29:23.344   591   591 I sscrpcd : vendor/qcom/proprietary/commonsys-intf/adsprpc/src/fastrpc_apps_user.c:1203: remote_handle_open: Successfully opened handle 0x0 for '":;./\createstaticpd:sensorspd on domain 0
04-24 06:29:23.344   591   591 E sscrpcd : vendor/qcom/proprietary/commonsys-intf/adsprpc/src/fastrpc_apps_user.c:2588: Error 0x200: apps_dev_init failed for domain 0, errno Transport endpoint is not connected
04-24 06:29:23.344   591   591 E sscrpcd : vendor/qcom/proprietary/commonsys-intf/adsprpc/src/fastrpc_apps_user.c:2686: Error 0x200: open_dev (-1) failed for domain 0 (errno Transport endpoint is not connected)
04-24 06:29:23.344   591   591 W sscrpcd : vendor/qcom/proprietary/commonsys-intf/adsprpc/src/fastrpc_apps_user.c:1441:Warning 0xe: remote_get_info failed to get attribute 257 for domain 0 (errno Success)
04-24 06:29:23.344   591   591 E sscrpcd : vendor/qcom/proprietary/commonsys-intf/adsprpc/src/fastrpc_apps_user.c:1206: Error 0x200: remote_handle_open failed for adsp_default_listener (errno Success)
04-24 06:29:23.344   591   591 E sscrpcd : vendor/qcom/proprietary/sensors-see/sscrpcd/src/sscrpcd.cpp:86:listener exits
04-24 06:29:23.344   591   591 I sscrpcd : vendor/qcom/proprietary/commonsys-intf/adsprpc/src/rpcmem_android.c:191: rpcmem_deinit_internal: closed ION fd 5
04-24 06:29:23.344   591   591 I sscrpcd : vendor/qcom/proprietary/commonsys-intf/adsprpc/src/fastrpc_pm.c:116: fastrpc_wake_lock_deinit done
04-24 06:29:23.344   591   591 I sscrpcd : vendor/qcom/proprietary/commonsys-intf/adsprpc/src/fastrpc_apps_user.c:2734: fastrpc_apps_user_deinit done
04-24 06:29:23.345   591   591 E sscrpcd : vendor/qcom/proprietary/sensors-see/sscrpcd/src/sscrpcd.cpp:97:sscrpcd daemon will restart after 25ms...
04-24 06:29:23.350   557   557 E KeyMasterHalDevice: Finish send cmd failed
04-24 06:29:23.350   557   557 E KeyMasterHalDevice: ret: 0
04-24 06:29:23.350   557   557 E KeyMasterHalDevice: resp->status: -30
--------- switch to system
04-24 06:29:23.350   589   589 E keystore2: system/security/keystore2/src/error.rs:180 - system/security/keystore2/src/operation.rs:850: KeystoreOperation::finish
04-24 06:29:23.350   589   589 E keystore2: 
04-24 06:29:23.350   589   589 E keystore2: Caused by:
04-24 06:29:23.350   589   589 E keystore2:     0: system/security/keystore2/src/operation.rs:426: Finish failed.
04-24 06:29:23.350   589   589 E keystore2:     1: Error::Km(r#VERIFICATION_FAILED)
04-24 06:29:23.350   751   751 I odsign  : Signature of public key did not match.
04-24 06:29:23.350   751   751 I odsign  : Existing keystore key not found or invalid, creating new key
--------- switch to main
04-24 06:29:23.351   556   568 D DrmLibTime: got the req here! ret=0
04-24 06:29:23.351   556   568 D DrmLibTime: command id, time_cmd_id = 770
04-24 06:29:23.351   556   568 D DrmLibTime: time_getutcsec starts!
04-24 06:29:23.351   556   568 D DrmLibTime: QSEE Time Listener: time_getutcsec
04-24 06:29:23.351   556   568 D DrmLibTime: QSEE Time Listener: get_utc_seconds
04-24 06:29:23.351   556   568 D DrmLibTime: QSEE Time Listener: time_get_modem_time
04-24 06:29:23.351   556   568 D DrmLibTime: QSEE Time Listener: Checking if ATS_MODEM is set or not.
04-24 06:29:23.351   556   568 D QC-time-services: Lib:time_genoff_operation: pargs->base = 13
04-24 06:29:23.351   556   568 D QC-time-services: Lib:time_genoff_operation: pargs->operation = 2
04-24 06:29:23.351   556   568 D QC-time-services: Lib:time_genoff_operation: pargs->ts_val = 0
04-24 06:29:23.351   556   568 E QC-time-services: Lib:time_genoff_operation: Connection failed !!
04-24 06:29:23.351   556   568 D DrmLibTime: QSEE Time Listener: ATS_MODEM is not set. Fallback to Android system time.
04-24 06:29:23.351   556   568 D DrmLibTime: QSEE Time Listener: Retrieved Android system time: 72944963
04-24 06:29:23.351   556   568 D DrmLibTime: time_getutcsec returns 0, sec = 72944963; nsec = 0
04-24 06:29:23.351   556   568 D DrmLibTime: time_getutcsec finished! 
04-24 06:29:23.352   556   568 D DrmLibTime: iotcl_continue_command finished! and return 0 
04-24 06:29:23.352   556   568 D DrmLibTime: before calling ioctl to read the next time_cmd
04-24 06:29:23.372   591   591 I sscrpcd : vendor/qcom/proprietary/commonsys-intf/adsprpc/src/rpcmem_android.c:158: rpcmem_init_internal: opened ION device fd 5, configured heap IDs: system (0x2000000), contig (0x400000), secure (0x200), secure flags (0x80080000)
04-24 06:29:23.372   591   591 I sscrpcd : vendor/qcom/proprietary/commonsys-intf/adsprpc/src/fastrpc_apps_user.c:2794: fastrpc_apps_user_init done
04-24 06:29:23.373   591   591 E sscrpcd : vendor/qcom/proprietary/sensors-see/sscrpcd/src/sscrpcd.cpp:82:adsp_default_listener_start called for [sensorspd]
04-24 06:29:23.373   591   591 I sscrpcd : vendor/qcom/proprietary/commonsys-intf/adsprpc/src/fastrpc_pm.c:85: fastrpc_wake_lock_init done for sscrpcd:591
04-24 06:29:23.373   591   591 I sscrpcd : vendor/qcom/proprietary/commonsys-intf/adsprpc/src/fastrpc_apps_user.c:1513: wakelock_control: enabled wakelock control for domain 0
04-24 06:29:23.373   591   591 E sscrpcd : vendor/qcom/proprietary/sensors-see/sscrpcd/src/sscrpcd.cpp:60:fastrpc wakelock control is enabled
04-24 06:29:23.373   591   591 I sscrpcd : vendor/qcom/proprietary/commonsys-intf/adsprpc/src/fastrpc_apps_user.c:1203: remote_handle_open: Successfully opened handle 0x0 for '":;./\createstaticpd:sensorspd on domain 0
04-24 06:29:23.373   591   591 E sscrpcd : vendor/qcom/proprietary/commonsys-intf/adsprpc/src/fastrpc_apps_user.c:2588: Error 0x200: apps_dev_init failed for domain 0, errno Transport endpoint is not connected
04-24 06:29:23.373   591   591 E sscrpcd : vendor/qcom/proprietary/commonsys-intf/adsprpc/src/fastrpc_apps_user.c:2686: Error 0x200: open_dev (-1) failed for domain 0 (errno Transport endpoint is not connected)
04-24 06:29:23.373   591   591 W sscrpcd : vendor/qcom/proprietary/commonsys-intf/adsprpc/src/fastrpc_apps_user.c:1441:Warning 0xe: remote_get_info failed to get attribute 257 for domain 0 (errno Success)
04-24 06:29:23.373   591   591 E sscrpcd : vendor/qcom/proprietary/commonsys-intf/adsprpc/src/fastrpc_apps_user.c:1206: Error 0x200: remote_handle_open failed for adsp_default_listener (errno Success)
04-24 06:29:23.373   591   591 E sscrpcd : vendor/qcom/proprietary/sensors-see/sscrpcd/src/sscrpcd.cpp:86:listener exits
04-24 06:29:23.373   591   591 I sscrpcd : vendor/qcom/proprietary/commonsys-intf/adsprpc/src/rpcmem_android.c:191: rpcmem_deinit_internal: closed ION fd 5
04-24 06:29:23.373   591   591 I sscrpcd : vendor/qcom/proprietary/commonsys-intf/adsprpc/src/fastrpc_pm.c:116: fastrpc_wake_lock_deinit done
04-24 06:29:23.373   591   591 I sscrpcd : vendor/qcom/proprietary/commonsys-intf/adsprpc/src/fastrpc_apps_user.c:2734: fastrpc_apps_user_deinit done
04-24 06:29:23.373   591   591 E sscrpcd : vendor/qcom/proprietary/sensors-see/sscrpcd/src/sscrpcd.cpp:97:sscrpcd daemon will restart after 25ms...
04-24 06:29:23.401   591   591 I sscrpcd : vendor/qcom/proprietary/commonsys-intf/adsprpc/src/rpcmem_android.c:158: rpcmem_init_internal: opened ION device fd 5, configured heap IDs: system (0x2000000), contig (0x400000), secure (0x200), secure flags (0x80080000)
04-24 06:29:23.401   591   591 I sscrpcd : vendor/qcom/proprietary/commonsys-intf/adsprpc/src/fastrpc_apps_user.c:2794: fastrpc_apps_user_init done
04-24 06:29:23.401   591   591 E sscrpcd : vendor/qcom/proprietary/sensors-see/sscrpcd/src/sscrpcd.cpp:82:adsp_default_listener_start called for [sensorspd]
04-24 06:29:23.401   591   591 I sscrpcd : vendor/qcom/proprietary/commonsys-intf/adsprpc/src/fastrpc_pm.c:85: fastrpc_wake_lock_init done for sscrpcd:591
04-24 06:29:23.401   591   591 I sscrpcd : vendor/qcom/proprietary/commonsys-intf/adsprpc/src/fastrpc_apps_user.c:1513: wakelock_control: enabled wakelock control for domain 0
04-24 06:29:23.401   591   591 E sscrpcd : vendor/qcom/proprietary/sensors-see/sscrpcd/src/sscrpcd.cpp:60:fastrpc wakelock control is enabled
04-24 06:29:23.401   591   591 I sscrpcd : vendor/qcom/proprietary/commonsys-intf/adsprpc/src/fastrpc_apps_user.c:1203: remote_handle_open: Successfully opened handle 0x0 for '":;./\createstaticpd:sensorspd on domain 0
04-24 06:29:23.401   591   591 E sscrpcd : vendor/qcom/proprietary/commonsys-intf/adsprpc/src/fastrpc_apps_user.c:2588: Error 0x200: apps_dev_init failed for domain 0, errno Transport endpoint is not connected
04-24 06:29:23.401   591   591 E sscrpcd : vendor/qcom/proprietary/commonsys-intf/adsprpc/src/fastrpc_apps_user.c:2686: Error 0x200: open_dev (-1) failed for domain 0 (errno Transport endpoint is not connected)
04-24 06:29:23.401   591   591 W sscrpcd : vendor/qcom/proprietary/commonsys-intf/adsprpc/src/fastrpc_apps_user.c:1441:Warning 0xe: remote_get_info failed to get attribute 257 for domain 0 (errno Success)
04-24 06:29:23.401   591   591 E sscrpcd : vendor/qcom/proprietary/commonsys-intf/adsprpc/src/fastrpc_apps_user.c:1206: Error 0x200: remote_handle_open failed for adsp_default_listener (errno Success)
04-24 06:29:23.401   591   591 E sscrpcd : vendor/qcom/proprietary/sensors-see/sscrpcd/src/sscrpcd.cpp:86:listener exits
04-24 06:29:23.401   591   591 I sscrpcd : vendor/qcom/proprietary/commonsys-intf/adsprpc/src/rpcmem_android.c:191: rpcmem_deinit_internal: closed ION fd 5
04-24 06:29:23.401   591   591 I sscrpcd : vendor/qcom/proprietary/commonsys-intf/adsprpc/src/fastrpc_pm.c:116: fastrpc_wake_lock_deinit done
04-24 06:29:23.401   591   591 I sscrpcd : vendor/qcom/proprietary/commonsys-intf/adsprpc/src/fastrpc_apps_user.c:2734: fastrpc_apps_user_deinit done
04-24 06:29:23.402   591   591 E sscrpcd : vendor/qcom/proprietary/sensors-see/sscrpcd/src/sscrpcd.cpp:97:sscrpcd daemon will restart after 25ms...
04-24 06:29:23.430   591   591 I sscrpcd : vendor/qcom/proprietary/commonsys-intf/adsprpc/src/rpcmem_android.c:158: rpcmem_init_internal: opened ION device fd 5, configured heap IDs: system (0x2000000), contig (0x400000), secure (0x200), secure flags (0x80080000)
04-24 06:29:23.430   591   591 I sscrpcd : vendor/qcom/proprietary/commonsys-intf/adsprpc/src/fastrpc_apps_user.c:2794: fastrpc_apps_user_init done
04-24 06:29:23.430   591   591 E sscrpcd : vendor/qcom/proprietary/sensors-see/sscrpcd/src/sscrpcd.cpp:82:adsp_default_listener_start called for [sensorspd]
04-24 06:29:23.430   591   591 I sscrpcd : vendor/qcom/proprietary/commonsys-intf/adsprpc/src/fastrpc_pm.c:85: fastrpc_wake_lock_init done for sscrpcd:591
04-24 06:29:23.430   591   591 I sscrpcd : vendor/qcom/proprietary/commonsys-intf/adsprpc/src/fastrpc_apps_user.c:1513: wakelock_control: enabled wakelock control for domain 0
04-24 06:29:23.430   591   591 E sscrpcd : vendor/qcom/proprietary/sensors-see/sscrpcd/src/sscrpcd.cpp:60:fastrpc wakelock control is enabled
04-24 06:29:23.430   591   591 I sscrpcd : vendor/qcom/proprietary/commonsys-intf/adsprpc/src/fastrpc_apps_user.c:1203: remote_handle_open: Successfully opened handle 0x0 for '":;./\createstaticpd:sensorspd on domain 0
04-24 06:29:23.430   591   591 E sscrpcd : vendor/qcom/proprietary/commonsys-intf/adsprpc/src/fastrpc_apps_user.c:2588: Error 0x200: apps_dev_init failed for domain 0, errno Transport endpoint is not connected
04-24 06:29:23.430   591   591 E sscrpcd : vendor/qcom/proprietary/commonsys-intf/adsprpc/src/fastrpc_apps_user.c:2686: Error 0x200: open_dev (-1) failed for domain 0 (errno Transport endpoint is not connected)
04-24 06:29:23.430   591   591 W sscrpcd : vendor/qcom/proprietary/commonsys-intf/adsprpc/src/fastrpc_apps_user.c:1441:Warning 0xe: remote_get_info failed to get attribute 257 for domain 0 (errno Success)
04-24 06:29:23.430   591   591 E sscrpcd : vendor/qcom/proprietary/commonsys-intf/adsprpc/src/fastrpc_apps_user.c:1206: Error 0x200: remote_handle_open failed for adsp_default_listener (errno Success)
04-24 06:29:23.430   591   591 E sscrpcd : vendor/qcom/proprietary/sensors-see/sscrpcd/src/sscrpcd.cpp:86:listener exits
04-24 06:29:23.430   591   591 I sscrpcd : vendor/qcom/proprietary/commonsys-intf/adsprpc/src/rpcmem_android.c:191: rpcmem_deinit_internal: closed ION fd 5
04-24 06:29:23.430   591   591 I sscrpcd : vendor/qcom/proprietary/commonsys-intf/adsprpc/src/fastrpc_pm.c:116: fastrpc_wake_lock_deinit done
04-24 06:29:23.430   591   591 I sscrpcd : vendor/qcom/proprietary/commonsys-intf/adsprpc/src/fastrpc_apps_user.c:2734: fastrpc_apps_user_deinit done
04-24 06:29:23.431   591   591 E sscrpcd : vendor/qcom/proprietary/sensors-see/sscrpcd/src/sscrpcd.cpp:97:sscrpcd daemon will restart after 25ms...
04-24 06:29:23.458   591   591 I sscrpcd : vendor/qcom/proprietary/commonsys-intf/adsprpc/src/rpcmem_android.c:158: rpcmem_init_internal: opened ION device fd 5, configured heap IDs: system (0x2000000), contig (0x400000), secure (0x200), secure flags (0x80080000)
04-24 06:29:23.458   591   591 I sscrpcd : vendor/qcom/proprietary/commonsys-intf/adsprpc/src/fastrpc_apps_user.c:2794: fastrpc_apps_user_init done
04-24 06:29:23.458   591   591 E sscrpcd : vendor/qcom/proprietary/sensors-see/sscrpcd/src/sscrpcd.cpp:82:adsp_default_listener_start called for [sensorspd]
04-24 06:29:23.458   591   591 I sscrpcd : vendor/qcom/proprietary/commonsys-intf/adsprpc/src/fastrpc_pm.c:85: fastrpc_wake_lock_init done for sscrpcd:591
04-24 06:29:23.458   591   591 I sscrpcd : vendor/qcom/proprietary/commonsys-intf/adsprpc/src/fastrpc_apps_user.c:1513: wakelock_control: enabled wakelock control for domain 0
04-24 06:29:23.458   591   591 E sscrpcd : vendor/qcom/proprietary/sensors-see/sscrpcd/src/sscrpcd.cpp:60:fastrpc wakelock control is enabled
04-24 06:29:23.458   591   591 I sscrpcd : vendor/qcom/proprietary/commonsys-intf/adsprpc/src/fastrpc_apps_user.c:1203: remote_handle_open: Successfully opened handle 0x0 for '":;./\createstaticpd:sensorspd on domain 0
04-24 06:29:23.458   591   591 E sscrpcd : vendor/qcom/proprietary/commonsys-intf/adsprpc/src/fastrpc_apps_user.c:2588: Error 0x200: apps_dev_init failed for domain 0, errno Transport endpoint is not connected
04-24 06:29:23.458   591   591 E sscrpcd : vendor/qcom/proprietary/commonsys-intf/adsprpc/src/fastrpc_apps_user.c:2686: Error 0x200: open_dev (-1) failed for domain 0 (errno Transport endpoint is not connected)
04-24 06:29:23.458   591   591 W sscrpcd : vendor/qcom/proprietary/commonsys-intf/adsprpc/src/fastrpc_apps_user.c:1441:Warning 0xe: remote_get_info failed to get attribute 257 for domain 0 (errno Success)
04-24 06:29:23.458   591   591 E sscrpcd : vendor/qcom/proprietary/commonsys-intf/adsprpc/src/fastrpc_apps_user.c:1206: Error 0x200: remote_handle_open failed for adsp_default_listener (errno Success)
04-24 06:29:23.458   591   591 E sscrpcd : vendor/qcom/proprietary/sensors-see/sscrpcd/src/sscrpcd.cpp:86:listener exits
04-24 06:29:23.459   591   591 I sscrpcd : vendor/qcom/proprietary/commonsys-intf/adsprpc/src/rpcmem_android.c:191: rpcmem_deinit_internal: closed ION fd 5
04-24 06:29:23.459   591   591 I sscrpcd : vendor/qcom/proprietary/commonsys-intf/adsprpc/src/fastrpc_pm.c:116: fastrpc_wake_lock_deinit done
